Component: ARM Compiler 5.06 update 7 (build 960) Tool: armlink [4d3601]

==============================================================================

Section Cross References

    startup_stm32f103xb.o(RESET) refers to startup_stm32f103xb.o(STACK) for __initial_sp
    startup_stm32f103xb.o(RESET) refers to startup_stm32f103xb.o(.text) for Reset_Handler
    startup_stm32f103xb.o(RESET) refers to stm32f1xx_it.o(i.NMI_Handler) for NMI_Handler
    startup_stm32f103xb.o(RESET) refers to stm32f1xx_it.o(i.HardFault_Handler) for HardFault_Handler
    startup_stm32f103xb.o(RESET) refers to stm32f1xx_it.o(i.MemManage_Handler) for MemManage_Handler
    startup_stm32f103xb.o(RESET) refers to stm32f1xx_it.o(i.BusFault_Handler) for BusFault_Handler
    startup_stm32f103xb.o(RESET) refers to stm32f1xx_it.o(i.UsageFault_Handler) for UsageFault_Handler
    startup_stm32f103xb.o(RESET) refers to port.o(.emb_text) for SVC_Handler
    startup_stm32f103xb.o(RESET) refers to stm32f1xx_it.o(i.DebugMon_Handler) for DebugMon_Handler
    startup_stm32f103xb.o(RESET) refers to cmsis_os2.o(i.SysTick_Handler) for SysTick_Handler
    startup_stm32f103xb.o(RESET) refers to stm32f1xx_it.o(i.TIM4_IRQHandler) for TIM4_IRQHandler
    startup_stm32f103xb.o(RESET) refers to stm32f1xx_it.o(i.USART1_IRQHandler) for USART1_IRQHandler
    startup_stm32f103xb.o(.text) refers to system_stm32f1xx.o(i.SystemInit) for SystemInit
    startup_stm32f103xb.o(.text) refers to entry.o(.ARM.Collect$$$$00000000) for __main
    motor_task.o(i.StartMotorTask) refers to printf1.o(i.__0printf$1) for __2printf
    motor_task.o(i.StartMotorTask) refers to stm32f1xx_hal_gpio.o(i.HAL_GPIO_WritePin) for HAL_GPIO_WritePin
    motor_task.o(i.StartMotorTask) refers to cmsis_os2.o(i.osMessageQueueGet) for osMessageQueueGet
    motor_task.o(i.StartMotorTask) refers to cmsis_os2.o(i.osDelay) for osDelay
    motor_task.o(i.StartMotorTask) refers to freertos.o(.data) for motorQueueHandle
    motor_task.o(i.StartMotorTask) refers to motor_task.o(.data) for .data
    motor_task.o(i.StartMotorTask) refers to tim.o(.bss) for htim1
    led_task.o(i.StartLEDTask) refers to cmsis_os2.o(i.osMessageQueueGet) for osMessageQueueGet
    led_task.o(i.StartLEDTask) refers to printf1.o(i.__0printf$1) for __2printf
    led_task.o(i.StartLEDTask) refers to cmsis_os2.o(i.osDelay) for osDelay
    led_task.o(i.StartLEDTask) refers to tim.o(.bss) for htim3
    led_task.o(i.StartLEDTask) refers to freertos.o(.data) for ledQueueHandle
    led_task.o(i.StartLEDTask) refers to led_task.o(.data) for .data
    servo_task.o(i.StartServoTask) refers to printf1.o(i.__0printf$1) for __2printf
    servo_task.o(i.StartServoTask) refers to cmsis_os2.o(i.osMessageQueueGet) for osMessageQueueGet
    servo_task.o(i.StartServoTask) refers to cmsis_os2.o(i.osDelay) for osDelay
    servo_task.o(i.StartServoTask) refers to freertos.o(.data) for servoQueueHandle
    servo_task.o(i.StartServoTask) refers to servo_task.o(.data) for .data
    servo_task.o(i.StartServoTask) refers to tim.o(.bss) for htim2
    key_task.o(i.Key_Detect) refers to stm32f1xx_hal_gpio.o(i.HAL_GPIO_ReadPin) for HAL_GPIO_ReadPin
    key_task.o(i.Key_Detect) refers to stm32f1xx_hal.o(i.HAL_Delay) for HAL_Delay
    key_task.o(i.StartKeyTask) refers to key_task.o(i.Key_Detect) for Key_Detect
    key_task.o(i.StartKeyTask) refers to cmsis_os2.o(i.osMessageQueuePut) for osMessageQueuePut
    key_task.o(i.StartKeyTask) refers to cmsis_os2.o(i.osDelay) for osDelay
    key_task.o(i.StartKeyTask) refers to freertos.o(.data) for ledQueueHandle
    oled.o(i.OLED_Clear) refers to oled.o(i.OLED_SetCursor) for OLED_SetCursor
    oled.o(i.OLED_Clear) refers to oled.o(i.OLED_WriteData) for OLED_WriteData
    oled.o(i.OLED_I2C_Init) refers to gpio.o(i.MX_GPIO_Init) for MX_GPIO_Init
    oled.o(i.OLED_I2C_Init) refers to oled.o(i.OLED_W_SCL) for OLED_W_SCL
    oled.o(i.OLED_I2C_Init) refers to oled.o(i.OLED_W_SDA) for OLED_W_SDA
    oled.o(i.OLED_I2C_SendByte) refers to oled.o(i.OLED_W_SDA) for OLED_W_SDA
    oled.o(i.OLED_I2C_SendByte) refers to oled.o(i.OLED_W_SCL) for OLED_W_SCL
    oled.o(i.OLED_I2C_Start) refers to oled.o(i.OLED_W_SDA) for OLED_W_SDA
    oled.o(i.OLED_I2C_Start) refers to oled.o(i.OLED_W_SCL) for OLED_W_SCL
    oled.o(i.OLED_I2C_Stop) refers to oled.o(i.OLED_W_SDA) for OLED_W_SDA
    oled.o(i.OLED_I2C_Stop) refers to oled.o(i.OLED_W_SCL) for OLED_W_SCL
    oled.o(i.OLED_Init) refers to oled.o(i.OLED_I2C_Init) for OLED_I2C_Init
    oled.o(i.OLED_Init) refers to oled.o(i.OLED_WriteCommand) for OLED_WriteCommand
    oled.o(i.OLED_Init) refers to oled.o(i.OLED_Clear) for OLED_Clear
    oled.o(i.OLED_SetCursor) refers to oled.o(i.OLED_WriteCommand) for OLED_WriteCommand
    oled.o(i.OLED_ShowBinNum) refers to oled.o(i.OLED_Pow) for OLED_Pow
    oled.o(i.OLED_ShowBinNum) refers to oled.o(i.OLED_ShowChar) for OLED_ShowChar
[...]
    i.HAL_Init                               0x08000574   Section        0  stm32f1xx_hal.o(i.HAL_Init)
    i.HAL_InitTick                           0x08000598   Section        0  stm32f1xx_hal_timebase_tim.o(i.HAL_InitTick)
    i.HAL_MspInit                            0x08000630   Section        0  stm32f1xx_hal_msp.o(i.HAL_MspInit)
    i.HAL_NVIC_EnableIRQ                     0x08000678   Section        0  stm32f1xx_hal_cortex.o(i.HAL_NVIC_EnableIRQ)
    i.HAL_NVIC_SetPriority                   0x08000694   Section        0  stm32f1xx_hal_cortex.o(i.HAL_NVIC_SetPriority)
    i.HAL_NVIC_SetPriorityGrouping           0x080006d4   Section        0  stm32f1xx_hal_cortex.o(i.HAL_NVIC_SetPriorityGrouping)
    i.HAL_RCC_ClockConfig                    0x080006f8   Section        0  stm32f1xx_hal_rcc.o(i.HAL_RCC_ClockConfig)
    i.HAL_RCC_GetClockConfig                 0x08000824   Section        0  stm32f1xx_hal_rcc.o(i.HAL_RCC_GetClockConfig)
    i.HAL_RCC_GetPCLK1Freq                   0x08000864   Section        0  stm32f1xx_hal_rcc.o(i.HAL_RCC_GetPCLK1Freq)
    i.HAL_RCC_GetPCLK2Freq                   0x08000884   Section        0  stm32f1xx_hal_rcc.o(i.HAL_RCC_GetPCLK2Freq)
    i.HAL_RCC_GetSysClockFreq                0x080008a4   Section        0  stm32f1xx_hal_rcc.o(i.HAL_RCC_GetSysClockFreq)
    i.HAL_RCC_OscConfig                      0x080008f0   Section        0  stm32f1xx_hal_rcc.o(i.HAL_RCC_OscConfig)
    i.HAL_TIMEx_BreakCallback                0x08000c10   Section        0  stm32f1xx_hal_tim_ex.o(i.HAL_TIMEx_BreakCallback)
    i.HAL_TIMEx_CommutCallback               0x08000c12   Section        0  stm32f1xx_hal_tim_ex.o(i.HAL_TIMEx_CommutCallback)
    i.HAL_TIMEx_ConfigBreakDeadTime          0x08000c14   Section        0  stm32f1xx_hal_tim_ex.o(i.HAL_TIMEx_ConfigBreakDeadTime)
    i.HAL_TIMEx_MasterConfigSynchronization  0x08000c68   Section        0  stm32f1xx_hal_tim_ex.o(i.HAL_TIMEx_MasterConfigSynchronization)
    i.HAL_TIM_Base_Init                      0x08000cd0   Section        0  stm32f1xx_hal_tim.o(i.HAL_TIM_Base_Init)
    i.HAL_TIM_Base_MspInit                   0x08000d2c   Section        0  tim.o(i.HAL_TIM_Base_MspInit)
    i.HAL_TIM_Base_Start_IT                  0x08000d84   Section        0  stm32f1xx_hal_tim.o(i.HAL_TIM_Base_Start_IT)
    i.HAL_TIM_ConfigClockSource              0x08000ddc   Section        0  stm32f1xx_hal_tim.o(i.HAL_TIM_ConfigClockSource)
    i.HAL_TIM_IC_CaptureCallback             0x08000eb8   Section        0  stm32f1xx_hal_tim.o(i.HAL_TIM_IC_CaptureCallback)
    i.HAL_TIM_IRQHandler                     0x08000eba   Section        0  stm32f1xx_hal_tim.o(i.HAL_TIM_IRQHandler)
    i.HAL_TIM_MspPostInit                    0x08000fec   Section        0  tim.o(i.HAL_TIM_MspPostInit)
    i.HAL_TIM_OC_DelayElapsedCallback        0x08001074   Section        0  stm32f1xx_hal_tim.o(i.HAL_TIM_OC_DelayElapsedCallback)
    i.HAL_TIM_PWM_ConfigChannel              0x08001076   Section        0  stm32f1xx_hal_tim.o(i.HAL_TIM_PWM_ConfigChannel)
    i.HAL_TIM_PWM_Init                       0x08001142   Section        0  stm32f1xx_hal_tim.o(i.HAL_TIM_PWM_Init)
    i.HAL_TIM_PWM_MspInit                    0x0800119c   Section        0  stm32f1xx_hal_tim.o(i.HAL_TIM_PWM_MspInit)
    i.HAL_TIM_PWM_PulseFinishedCallback      0x0800119e   Section        0  stm32f1xx_hal_tim.o(i.HAL_TIM_PWM_PulseFinishedCallback)
    i.HAL_TIM_PWM_Start                      0x080011a0   Section        0  stm32f1xx_hal_tim.o(i.HAL_TIM_PWM_Start)
    i.HAL_TIM_PeriodElapsedCallback          0x0800123c   Section        0  main.o(i.HAL_TIM_PeriodElapsedCallback)
    i.HAL_TIM_TriggerCallback                0x08001250   Section        0  stm32f1xx_hal_tim.o(i.HAL_TIM_TriggerCallback)
    i.HAL_UARTEx_RxEventCallback             0x08001252   Section        0  stm32f1xx_hal_uart.o(i.HAL_UARTEx_RxEventCallback)
    i.HAL_UART_ErrorCallback                 0x08001254   Section        0  stm32f1xx_hal_uart.o(i.HAL_UART_ErrorCallback)
    i.HAL_UART_IRQHandler                    0x08001258   Section        0  stm32f1xx_hal_uart.o(i.HAL_UART_IRQHandler)
    i.HAL_UART_Init                          0x080014c4   Section        0  stm32f1xx_hal_uart.o(i.HAL_UART_Init)
    i.HAL_UART_MspInit                       0x08001528   Section        0  usart_1.o(i.HAL_UART_MspInit)
    i.HAL_UART_RxCpltCallback                0x080015a8   Section        0  stm32f1xx_hal_uart.o(i.HAL_UART_RxCpltCallback)
    i.HAL_UART_Transmit                      0x080015aa   Section        0  stm32f1xx_hal_uart.o(i.HAL_UART_Transmit)
    i.HAL_UART_TxCpltCallback                0x0800164a   Section        0  stm32f1xx_hal_uart.o(i.HAL_UART_TxCpltCallback)
    i.HardFault_Handler                      0x0800164c   Section        0  stm32f1xx_it.o(i.HardFault_Handler)
    i.Key_Detect                             0x08001650   Section        0  key_task.o(i.Key_Detect)
    i.MX_FREERTOS_Init                       0x080016c0   Section        0  freertos.o(i.MX_FREERTOS_Init)
    i.MX_GPIO_Init                           0x08001764   Section        0  gpio.o(i.MX_GPIO_Init)
    i.MX_TIM1_Init                           0x08001810   Section        0  tim.o(i.MX_TIM1_Init)
    i.MX_TIM2_Init                           0x080018d8   Section        0  tim.o(i.MX_TIM2_Init)
    i.MX_TIM3_Init                           0x08001974   Section        0  tim.o(i.MX_TIM3_Init)
    i.MX_USART1_UART_Init                    0x08001a0c   Section        0  usart_1.o(i.MX_USART1_UART_Init)
    i.MemManage_Handler                      0x08001a44   Section        0  stm32f1xx_it.o(i.MemManage_Handler)
    i.NMI_Handler                            0x08001a46   Section        0  stm32f1xx_it.o(i.NMI_Handler)
    i.OLED_Clear                             0x08001a48   Section        0  oled.o(i.OLED_Clear)
    i.OLED_I2C_Init                          0x08001a6e   Section        0  oled.o(i.OLED_I2C_Init)
    i.OLED_I2C_SendByte                      0x08001a84   Section        0  oled.o(i.OLED_I2C_SendByte)
    i.OLED_I2C_Start                         0x08001abe   Section        0  oled.o(i.OLED_I2C_Start)
    i.OLED_I2C_Stop                          0x08001adc   Section        0  oled.o(i.OLED_I2C_Stop)
    i.OLED_Init                              0x08001af4   Section        0  oled.o(i.OLED_Init)
    i.OLED_Pow                               0x08001ba0   Section        0  oled.o(i.OLED_Pow)
    i.OLED_SetCursor                         0x08001bae   Section        0  oled.o(i.OLED_SetCursor)
    i.OLED_ShowChar                          0x08001bd0   Section        0  oled.o(i.OLED_ShowChar)
    i.OLED_ShowNum                           0x08001c38   Section        0  oled.o(i.OLED_ShowNum)
    i.OLED_ShowString                        0x08001c7a   Section        0  oled.o(i.OLED_ShowString)
    i.OLED_W_SCL                             0x08001ca0   Section        0  oled.o(i.OLED_W_SCL)
    i.OLED_W_SDA                             0x08001cb0   Section        0  oled.o(i.OLED_W_SDA)
    i.OLED_WriteCommand                      0x08001cc0   Section        0  oled.o(i.OLED_WriteCommand)
    i.OLED_WriteData                         0x08001ce2   Section        0  oled.o(i.OLED_WriteData)
    i.StartDefaultTask                       0x08001d04   Section        0  freertos.o(i.StartDefaultTask)
    i.StartKeyTask                           0x08001d0c   Section        0  key_task.o(i.StartKeyTask)
    i.StartLEDTask                           0x08001dec   Section        0  led_task.o(i.StartLEDTask)
    i.StartMotorTask                         0x08001e90   Section        0  motor_task.o(i.StartMotorTask)
    i.StartOLEDTask                          0x08001f74   Section        0  oled_task.o(i.StartOLEDTask)
    i.StartServoTask                         0x08001fec   Section        0  servo_task.o(i.StartServoTask)
    i.SysTick_Handler                        0x08002084   Section        0  cmsis_os2.o(i.SysTick_Handler)
    i.SystemClock_Config                     0x0800209e   Section        0  main.o(i.SystemClock_Config)
    i.SystemInit                             0x080020fc   Section        0  system_stm32f1xx.o(i.SystemInit)
    i.TIM4_IRQHandler                        0x08002100   Section        0  stm32f1xx_it.o(i.TIM4_IRQHandler)
    i.TIM_Base_SetConfig                     0x0800210c   Section        0  stm32f1xx_hal_tim.o(i.TIM_Base_SetConfig)
    i.TIM_CCxChannelCmd                      0x08002184   Section        0  stm32f1xx_hal_tim.o(i.TIM_CCxChannelCmd)
    i.TIM_ETR_SetConfig                      0x0800219e   Section        0  stm32f1xx_hal_tim.o(i.TIM_ETR_SetConfig)
    i.TIM_ITRx_SetConfig                     0x080021b2   Section        0  stm32f1xx_hal_tim.o(i.TIM_ITRx_SetConfig)
    TIM_ITRx_SetConfig                       0x080021b3   Thumb Code    16  stm32f1xx_hal_tim.o(i.TIM_ITRx_SetConfig)
    i.TIM_OC1_SetConfig                      0x080021c4   Section        0  stm32f1xx_hal_tim.o(i.TIM_OC1_SetConfig)
    TIM_OC1_SetConfig                        0x080021c5   Thumb Code    74  stm32f1xx_hal_tim.o(i.TIM_OC1_SetConfig)
    i.TIM_OC2_SetConfig                      0x08002214   Section        0  stm32f1xx_hal_tim.o(i.TIM_OC2_SetConfig)
    i.TIM_OC3_SetConfig                      0x0800226c   Section        0  stm32f1xx_hal_tim.o(i.TIM_OC3_SetConfig)
    TIM_OC3_SetConfig                        0x0800226d   Thumb Code    82  stm32f1xx_hal_tim.o(i.TIM_OC3_SetConfig)
    i.TIM_OC4_SetConfig                      0x080022c4   Section        0  stm32f1xx_hal_tim.o(i.TIM_OC4_SetConfig)
    TIM_OC4_SetConfig                        0x080022c5   Thumb Code    64  stm32f1xx_hal_tim.o(i.TIM_OC4_SetConfig)
    i.TIM_TI1_ConfigInputStage               0x08002308   Section        0  stm32f1xx_hal_tim.o(i.TIM_TI1_ConfigInputStage)
    TIM_TI1_ConfigInputStage                 0x08002309   Thumb Code    34  stm32f1xx_hal_tim.o(i.TIM_TI1_ConfigInputStage)
    i.TIM_TI2_ConfigInputStage               0x0800232a   Section        0  stm32f1xx_hal_tim.o(i.TIM_TI2_ConfigInputStage)
    TIM_TI2_ConfigInputStage                 0x0800232b   Thumb Code    36  stm32f1xx_hal_tim.o(i.TIM_TI2_ConfigInputStage)
    i.UART_DMAAbortOnError                   0x0800234e   Section        0  stm32f1xx_hal_uart.o(i.UART_DMAAbortOnError)
    UART_DMAAbortOnError                     0x0800234f   Thumb Code    16  stm32f1xx_hal_uart.o(i.UART_DMAAbortOnError)
    i.UART_EndRxTransfer                     0x0800235e   Section        0  stm32f1xx_hal_uart.o(i.UART_EndRxTransfer)
    UART_EndRxTransfer                       0x0800235f   Thumb Code    78  stm32f1xx_hal_uart.o(i.UART_EndRxTransfer)
    i.UART_Receive_IT                        0x080023ac   Section        0  stm32f1xx_hal_uart.o(i.UART_Receive_IT)
    UART_Receive_IT                          0x080023ad   Thumb Code   194  stm32f1xx_hal_uart.o(i.UART_Receive_IT)
    i.UART_SetConfig                         0x08002470   Section        0  stm32f1xx_hal_uart.o(i.UART_SetConfig)
    UART_SetConfig                           0x08002471   Thumb Code   178  stm32f1xx_hal_uart.o(i.UART_SetConfig)
    i.UART_WaitOnFlagUntilTimeout            0x08002528   Section        0  stm32f1xx_hal_uart.o(i.UART_WaitOnFlagUntilTimeout)
    UART_WaitOnFlagUntilTimeout              0x08002529   Thumb Code   114  stm32f1xx_hal_uart.o(i.UART_WaitOnFlagUntilTimeout)
    i.USART1_IRQHandler                      0x0800259c   Section        0  stm32f1xx_it.o(i.USART1_IRQHandler)
    i.UsageFault_Handler                     0x080025a8   Section        0  stm32f1xx_it.o(i.UsageFault_Handler)
    i.__0printf$1                            0x080025ac   Section        0  printf1.o(i.__0printf$1)
    i.__NVIC_SetPriority                     0x080025cc   Section        0  stm32f1xx_hal_cortex.o(i.__NVIC_SetPriority)
    __NVIC_SetPriority                       0x080025cd   Thumb Code    32  stm32f1xx_hal_cortex.o(i.__NVIC_SetPriority)
    i.__scatterload_copy                     0x080025ec   Section       14  handlers.o(i.__scatterload_copy)
    i.__scatterload_null                     0x080025fa   Section        2  handlers.o(i.__scatterload_null)
    i.__scatterload_zeroinit                 0x080025fc   Section       14  handlers.o(i.__scatterload_zeroinit)
    i._printf_core                           0x0800260c   Section        0  printf1.o(i._printf_core)
    _printf_core                             0x0800260d   Thumb Code   336  printf1.o(i._printf_core)
    i.fputc                                  0x08002760   Section        0  usart_1.o(i.fputc)
    i.main                                   0x08002778   Section        0  main.o(i.main)
    i.osDelay                                0x080027c8   Section        0  cmsis_os2.o(i.osDelay)
    i.osKernelInitialize                     0x080027e4   Section        0  cmsis_os2.o(i.osKernelInitialize)
    i.osKernelStart                          0x08002808   Section        0  cmsis_os2.o(i.osKernelStart)
    i.osMessageQueueGet                      0x08002840   Section        0  cmsis_os2.o(i.osMessageQueueGet)
    i.osMessageQueueNew                      0x080028a4   Section        0  cmsis_os2.o(i.osMessageQueueNew)
    i.osMessageQueuePut                      0x080028fc   Section        0  cmsis_os2.o(i.osMessageQueuePut)
    i.osThreadNew                            0x08002964   Section        0  cmsis_os2.o(i.osThreadNew)
    i.prvAddCurrentTaskToDelayedList         0x080029f0   Section        0  tasks.o(i.prvAddCurrentTaskToDelayedList)
    prvAddCurrentTaskToDelayedList           0x080029f1   Thumb Code    84  tasks.o(i.prvAddCurrentTaskToDelayedList)
    i.prvAddNewTaskToReadyList               0x08002a4c   Section        0  tasks.o(i.prvAddNewTaskToReadyList)
    prvAddNewTaskToReadyList                 0x08002a4d   Thumb Code   190  tasks.o(i.prvAddNewTaskToReadyList)
    i.prvCheckForValidListAndQueue           0x08002b1c   Section        0  timers.o(i.prvCheckForValidListAndQueue)
    prvCheckForValidListAndQueue             0x08002b1d   Thumb Code    72  timers.o(i.prvCheckForValidListAndQueue)
    i.prvCopyDataFromQueue                   0x08002b74   Section        0  queue.o(i.prvCopyDataFromQueue)
    prvCopyDataFromQueue                     0x08002b75   Thumb Code    38  queue.o(i.prvCopyDataFromQueue)
    i.prvCopyDataToQueue                     0x08002b9a   Section        0  queue.o(i.prvCopyDataToQueue)
    prvCopyDataToQueue                       0x08002b9b   Thumb Code   108  queue.o(i.prvCopyDataToQueue)
    i.prvDeleteTCB                           0x08002c06   Section        0  tasks.o(i.prvDeleteTCB)
    prvDeleteTCB                             0x08002c07   Thumb Code    52  tasks.o(i.prvDeleteTCB)
    i.prvHeapInit                            0x08002c3c   Section        0  heap_4.o(i.prvHeapInit)
    prvHeapInit                              0x08002c3d   Thumb Code    66  heap_4.o(i.prvHeapInit)
    i.prvIdleTask                            0x08002c88   Section        0  tasks.o(i.prvIdleTask)
    prvIdleTask                              0x08002c89   Thumb Code    82  tasks.o(i.prvIdleTask)
    i.prvInitialiseNewQueue                  0x08002ce8   Section        0  queue.o(i.prvInitialiseNewQueue)
    prvInitialiseNewQueue                    0x08002ce9   Thumb Code    34  queue.o(i.prvInitialiseNewQueue)
    i.prvInitialiseNewTask                   0x08002d0c   Section        0  tasks.o(i.prvInitialiseNewTask)
    prvInitialiseNewTask                     0x08002d0d   Thumb Code   176  tasks.o(i.prvInitialiseNewTask)
    i.prvInsertBlockIntoFreeList             0x08002dbc   Section        0  heap_4.o(i.prvInsertBlockIntoFreeList)
    prvInsertBlockIntoFreeList               0x08002dbd   Thumb Code    72  heap_4.o(i.prvInsertBlockIntoFreeList)
    i.prvInsertTimerInActiveList             0x08002e08   Section        0  timers.o(i.prvInsertTimerInActiveList)
    prvInsertTimerInActiveList               0x08002e09   Thumb Code    52  timers.o(i.prvInsertTimerInActiveList)
    i.prvIsQueueEmpty                        0x08002e40   Section        0  queue.o(i.prvIsQueueEmpty)
    prvIsQueueEmpty                          0x08002e41   Thumb Code    28  queue.o(i.prvIsQueueEmpty)
    i.prvProcessReceivedCommands             0x08002e5c   Section        0  timers.o(i.prvProcessReceivedCommands)
    prvProcessReceivedCommands               0x08002e5d   Thumb Code   248  timers.o(i.prvProcessReceivedCommands)
    i.prvProcessTimerOrBlockTask             0x08002f58   Section        0  timers.o(i.prvProcessTimerOrBlockTask)
    prvProcessTimerOrBlockTask               0x08002f59   Thumb Code   182  timers.o(i.prvProcessTimerOrBlockTask)
    i.prvResetNextTaskUnblockTime            0x08003018   Section        0  tasks.o(i.prvResetNextTaskUnblockTime)
    prvResetNextTaskUnblockTime              0x08003019   Thumb Code    26  tasks.o(i.prvResetNextTaskUnblockTime)
    i.prvSampleTimeNow                       0x08003038   Section        0  timers.o(i.prvSampleTimeNow)
    prvSampleTimeNow                         0x08003039   Thumb Code    36  timers.o(i.prvSampleTimeNow)
    i.prvSwitchTimerLists                    0x08003060   Section        0  timers.o(i.prvSwitchTimerLists)
    prvSwitchTimerLists                      0x08003061   Thumb Code   104  timers.o(i.prvSwitchTimerLists)
    i.prvTaskExitError                       0x080030cc   Section        0  port.o(i.prvTaskExitError)
    prvTaskExitError                         0x080030cd   Thumb Code    36  port.o(i.prvTaskExitError)
    i.prvTimerTask                           0x080030f4   Section        0  timers.o(i.prvTimerTask)
    prvTimerTask                             0x080030f5   Thumb Code    32  timers.o(i.prvTimerTask)
    i.prvUnlockQueue                         0x08003118   Section        0  queue.o(i.prvUnlockQueue)
    prvUnlockQueue                           0x08003119   Thumb Code   106  queue.o(i.prvUnlockQueue)
    i.pvPortMalloc                           0x08003184   Section        0  heap_4.o(i.pvPortMalloc)
    i.pxPortInitialiseStack                  0x08003260   Section        0  port.o(i.pxPortInitialiseStack)
    i.uxListRemove                           0x08003284   Section        0  list.o(i.uxListRemove)
    i.vApplicationGetIdleTaskMemory          0x080032ac   Section        0  cmsis_os2.o(i.vApplicationGetIdleTaskMemory)
    i.vApplicationGetTimerTaskMemory         0x080032c0   Section        0  cmsis_os2.o(i.vApplicationGetTimerTaskMemory)
    i.vListInitialise                        0x080032d8   Section        0  list.o(i.vListInitialise)
    i.vListInitialiseItem                    0x080032ee   Section        0  list.o(i.vListInitialiseItem)
    i.vListInsert                            0x080032f4   Section        0  list.o(i.vListInsert)
    i.vListInsertEnd                         0x08003324   Section        0  list.o(i.vListInsertEnd)
    i.vPortEnterCritical                     0x0800333c   Section        0  port.o(i.vPortEnterCritical)
    i.vPortExitCritical                      0x0800337c   Section        0  port.o(i.vPortExitCritical)
    i.vPortFree                              0x080033a4   Section        0  heap_4.o(i.vPortFree)
    i.vPortSetupTimerInterrupt               0x08003408   Section        0  port.o(i.vPortSetupTimerInterrupt)
    i.vPortValidateInterruptPriority         0x0800342c   Section        0  port.o(i.vPortValidateInterruptPriority)
    i.vQueueAddToRegistry                    0x08003480   Section        0  queue.o(i.vQueueAddToRegistry)
    i.vQueueWaitForMessageRestricted         0x080034a8   Section        0  queue.o(i.vQueueWaitForMessageRestricted)
    i.vTaskDelay                             0x080034ec   Section        0  tasks.o(i.vTaskDelay)
    i.vTaskInternalSetTimeOutState           0x08003538   Section        0  tasks.o(i.vTaskInternalSetTimeOutState)
    i.vTaskMissedYield                       0x08003548   Section        0  tasks.o(i.vTaskMissedYield)
    i.vTaskPlaceOnEventList                  0x08003554   Section        0  tasks.o(i.vTaskPlaceOnEventList)
    i.vTaskPlaceOnEventListRestricted        0x08003584   Section        0  tasks.o(i.vTaskPlaceOnEventListRestricted)
    i.vTaskStartScheduler                    0x080035bc   Section        0  tasks.o(i.vTaskStartScheduler)
    i.vTaskSuspendAll                        0x08003644   Section        0  tasks.o(i.vTaskSuspendAll)
    i.vTaskSwitchContext                     0x08003654   Section        0  tasks.o(i.vTaskSwitchContext)
    i.xPortStartScheduler                    0x080036b8   Section        0  port.o(i.xPortStartScheduler)
    i.xPortSysTickHandler                    0x08003760   Section        0  port.o(i.xPortSysTickHandler)
    i.xQueueGenericCreate                    0x0800378c   Section        0  queue.o(i.xQueueGenericCreate)
    i.xQueueGenericCreateStatic              0x080037ce   Section        0  queue.o(i.xQueueGenericCreateStatic)
    i.xQueueGenericReset                     0x08003834   Section        0  queue.o(i.xQueueGenericReset)
    i.xQueueGenericSend                      0x080038bc   Section        0  queue.o(i.xQueueGenericSend)
    i.xQueueGenericSendFromISR               0x08003a1c   Section        0  queue.o(i.xQueueGenericSendFromISR)
    i.xQueueReceive                          0x08003adc   Section        0  queue.o(i.xQueueReceive)
    i.xQueueReceiveFromISR                   0x08003c14   Section        0  queue.o(i.xQueueReceiveFromISR)
    i.xTaskCheckForTimeOut                   0x08003cb0   Section        0  tasks.o(i.xTaskCheckForTimeOut)
    i.xTaskCreate                            0x08003d24   Section        0  tasks.o(i.xTaskCreate)
    i.xTaskCreateStatic                      0x08003d7e   Section        0  tasks.o(i.xTaskCreateStatic)
    i.xTaskGetSchedulerState                 0x08003dd4   Section        0  tasks.o(i.xTaskGetSchedulerState)
    i.xTaskGetTickCount                      0x08003df0   Section        0  tasks.o(i.xTaskGetTickCount)
    i.xTaskIncrementTick                     0x08003dfc   Section        0  tasks.o(i.xTaskIncrementTick)
    i.xTaskPriorityDisinherit                0x08003ec4   Section        0  tasks.o(i.xTaskPriorityDisinherit)
    i.xTaskRemoveFromEventList               0x08003f44   Section        0  tasks.o(i.xTaskRemoveFromEventList)
    i.xTaskResumeAll                         0x08003fb4   Section        0  tasks.o(i.xTaskResumeAll)
    i.xTimerCreateTimerTask                  0x08004078   Section        0  timers.o(i.xTimerCreateTimerTask)
    i.xTimerGenericCommand                   0x080040d8   Section        0  timers.o(i.xTimerGenericCommand)
    .constdata                               0x08004140   Section     2608  oled.o(.constdata)
    .constdata                               0x08004b70   Section      288  freertos.o(.constdata)
    .constdata                               0x08004c90   Section       18  stm32f1xx_hal_rcc.o(.constdata)
    aPredivFactorTable                       0x08004c90   Data           2  stm32f1xx_hal_rcc.o(.constdata)
    aPLLMULFactorTable                       0x08004c92   Data          16  stm32f1xx_hal_rcc.o(.constdata)
    .constdata                               0x08004ca2   Section       16  system_stm32f1xx.o(.constdata)
    .constdata                               0x08004cb2   Section        8  system_stm32f1xx.o(.constdata)
    .conststring                             0x08004cbc   Section      101  freertos.o(.conststring)
    .data                                    0x20000000   Section        1  motor_task.o(.data)
    .data                                    0x20000001   Section        1  led_task.o(.data)
    .data                                    0x20000002   Section        1  servo_task.o(.data)
    .data                                    0x20000004   Section       36  freertos.o(.data)
    .data                                    0x20000028   Section       12  stm32f1xx_hal.o(.data)
    .data                                    0x20000034   Section        4  system_stm32f1xx.o(.data)
    .data                                    0x20000038   Section       60  tasks.o(.data)
    uxDeletedTasksWaitingCleanUp             0x2000003c   Data           4  tasks.o(.data)
    uxCurrentNumberOfTasks                   0x20000040   Data           4  tasks.o(.data)
    xTickCount                               0x20000044   Data           4  tasks.o(.data)
    uxTopReadyPriority                       0x20000048   Data           4  tasks.o(.data)
    xSchedulerRunning                        0x2000004c   Data           4  tasks.o(.data)
    xPendedTicks                             0x20000050   Data           4  tasks.o(.data)
    xYieldPending                            0x20000054   Data           4  tasks.o(.data)
    xNumOfOverflows                          0x20000058   Data           4  tasks.o(.data)
    uxTaskNumber                             0x2000005c   Data           4  tasks.o(.data)
    xNextTaskUnblockTime                     0x20000060   Data           4  tasks.o(.data)
    xIdleTaskHandle                          0x20000064   Data           4  tasks.o(.data)
    uxSchedulerSuspended                     0x20000068   Data           4  tasks.o(.data)
    pxDelayedTaskList                        0x2000006c   Data           4  tasks.o(.data)
    pxOverflowDelayedTaskList                0x20000070   Data           4  tasks.o(.data)
    .data                                    0x20000074   Section       20  timers.o(.data)
    xTimerQueue                              0x20000074   Data           4  timers.o(.data)
    xTimerTaskHandle                         0x20000078   Data           4  timers.o(.data)
    xLastTime                                0x2000007c   Data           4  timers.o(.data)
    pxCurrentTimerList                       0x20000080   Data           4  timers.o(.data)
    pxOverflowTimerList                      0x20000084   Data           4  timers.o(.data)
    .data                                    0x20000088   Section        4  cmsis_os2.o(.data)
    KernelState                              0x20000088   Data           4  cmsis_os2.o(.data)
    .data                                    0x2000008c   Section       32  heap_4.o(.data)
    pxEnd                                    0x2000008c   Data           4  heap_4.o(.data)
    xFreeBytesRemaining                      0x20000090   Data           4  heap_4.o(.data)
    xMinimumEverFreeBytesRemaining           0x20000094   Data           4  heap_4.o(.data)
    xNumberOfSuccessfulAllocations           0x20000098   Data           4  heap_4.o(.data)
    xNumberOfSuccessfulFrees                 0x2000009c   Data           4  heap_4.o(.data)
    xBlockAllocatedBit                       0x200000a0   Data           4  heap_4.o(.data)
    xStart                                   0x200000a4   Data           8  heap_4.o(.data)
    .data                                    0x200000ac   Section       12  port.o(.data)
    ucMaxSysCallPriority                     0x200000ac   Data           1  port.o(.data)
    uxCriticalNesting                        0x200000b0   Data           4  port.o(.data)
    ulMaxPRIGROUPValue                       0x200000b4   Data           4  port.o(.data)
    .data                                    0x200000b8   Section        4  stdout.o(.data)
    .bss                                     0x200000bc   Section      216  tim.o(.bss)
    .bss                                     0x20000194   Section       72  usart_1.o(.bss)
    .bss                                     0x200001dc   Section       72  stm32f1xx_hal_timebase_tim.o(.bss)
    .bss                                     0x20000224   Section       64  queue.o(.bss)
    .bss                                     0x20000264   Section     1220  tasks.o(.bss)
    pxReadyTasksLists                        0x20000264   Data        1120  tasks.o(.bss)
    xDelayedTaskList1                        0x200006c4   Data          20  tasks.o(.bss)
    xDelayedTaskList2                        0x200006d8   Data          20  tasks.o(.bss)
    xPendingReadyList                        0x200006ec   Data          20  tasks.o(.bss)
    xTasksWaitingTermination                 0x20000700   Data          20  tasks.o(.bss)
    xSuspendedTaskList                       0x20000714   Data          20  tasks.o(.bss)
    .bss                                     0x20000728   Section      280  timers.o(.bss)
    xStaticTimerQueue                        0x20000728   Data          80  timers.o(.bss)
    ucStaticTimerQueueStorage                0x20000778   Data         160  timers.o(.bss)
    xActiveTimerList1                        0x20000818   Data          20  timers.o(.bss)
    xActiveTimerList2                        0x2000082c   Data          20  timers.o(.bss)
    .bss                                     0x20000840   Section     1720  cmsis_os2.o(.bss)
    Idle_TCB                                 0x20000840   Data          92  cmsis_os2.o(.bss)
    Idle_Stack                               0x2000089c   Data         512  cmsis_os2.o(.bss)
    Timer_TCB                                0x20000a9c   Data          92  cmsis_os2.o(.bss)
    Timer_Stack                              0x20000af8   Data        1024  cmsis_os2.o(.bss)
    .bss                                     0x20000ef8   Section    10240  heap_4.o(.bss)
    ucHeap                                   0x20000ef8   Data       10240  heap_4.o(.bss)
    STACK                                    0x200036f8   Section     1024  startup_stm32f103xb.o(STACK)

    Global Symbols

    Symbol Name                              Value     Ov Type        Size  Object(Section)

    BuildAttributes$$THM_ISAv4$P$D$K$B$S$PE$A:L22UL41UL21$X:L11$S22US41US21$IEEE1$IW$USESV6$~STKCKD$USESV7$~SHL$OSPACE$ROPI$EBA8$MICROLIB$REQ8$PRES8$EABIv2 0x00000000   Number         0  anon$$obj.o ABSOLUTE
    __ARM_use_no_argv                        0x00000000   Number         0  main.o ABSOLUTE
    _printf_a                                0x00000000   Number         0  stubs.o ABSOLUTE
    _printf_c                                0x00000000   Number         0  stubs.o ABSOLUTE
    _printf_charcount                        0x00000000   Number         0  stubs.o ABSOLUTE
    _printf_d                                0x00000000   Number         0  stubs.o ABSOLUTE
    _printf_e                                0x00000000   Number         0  stubs.o ABSOLUTE
    _printf_f                                0x00000000   Number         0  stubs.o ABSOLUTE
    _printf_flags                            0x00000000   Number         0  stubs.o ABSOLUTE
    _printf_fp_dec                           0x00000000   Number         0  stubs.o ABSOLUTE
    _printf_fp_hex                           0x00000000   Number         0  stubs.o ABSOLUTE
    _printf_g                                0x00000000   Number         0  stubs.o ABSOLUTE
    _printf_i                                0x00000000   Number         0  stubs.o ABSOLUTE
    _printf_int_dec                          0x00000000   Number         0  stubs.o ABSOLUTE
    _printf_l                                0x00000000   Number         0  stubs.o ABSOLUTE
    _printf_lc                               0x00000000   Number         0  stubs.o ABSOLUTE
    _printf_ll                               0x00000000   Number         0  stubs.o ABSOLUTE
    _printf_lld                              0x00000000   Number         0  stubs.o ABSOLUTE
    _printf_lli                              0x00000000   Number         0  stubs.o ABSOLUTE
    _printf_llo                              0x00000000   Number         0  stubs.o ABSOLUTE
    _printf_llu                              0x00000000   Number         0  stubs.o ABSOLUTE
    _printf_llx                              0x00000000   Number         0  stubs.o ABSOLUTE
    _printf_longlong_dec                     0x00000000   Number         0  stubs.o ABSOLUTE
    _printf_longlong_hex                     0x00000000   Number         0  stubs.o ABSOLUTE
    _printf_longlong_oct                     0x00000000   Number         0  stubs.o ABSOLUTE
    _printf_ls                               0x00000000   Number         0  stubs.o ABSOLUTE
    _printf_mbtowc                           0x00000000   Number         0  stubs.o ABSOLUTE
    _printf_n                                0x00000000   Number         0  stubs.o ABSOLUTE
    _printf_o                                0x00000000   Number         0  stubs.o ABSOLUTE
    _printf_p                                0x00000000   Number         0  stubs.o ABSOLUTE
    _printf_percent                          0x00000000   Number         0  stubs.o ABSOLUTE
    _printf_pre_padding                      0x00000000   Number         0  stubs.o ABSOLUTE
    _printf_return_value                     0x00000000   Number         0  stubs.o ABSOLUTE
    _printf_s                                0x00000000   Number         0  stubs.o ABSOLUTE
    _printf_sizespec                         0x00000000   Number         0  stubs.o ABSOLUTE
    _printf_str                              0x00000000   Number         0  stubs.o ABSOLUTE
    _printf_truncate_signed                  0x00000000   Number         0  stubs.o ABSOLUTE
    _printf_truncate_unsigned                0x00000000   Number         0  stubs.o ABSOLUTE
    _printf_u                                0x00000000   Number         0  stubs.o ABSOLUTE
    _printf_wc                               0x00000000   Number         0  stubs.o ABSOLUTE
    _printf_wctomb                           0x00000000   Number         0  stubs.o ABSOLUTE
    _printf_widthprec                        0x00000000   Number         0  stubs.o ABSOLUTE
    _printf_x                                0x00000000   Number         0  stubs.o ABSOLUTE
    __arm_fini_                               - Undefined Weak Reference
    __cpp_initialize__aeabi_                  - Undefined Weak Reference
    __cxa_finalize                            - Undefined Weak Reference
    __decompress                              - Undefined Weak Reference
    _clock_init                               - Undefined Weak Reference
    _microlib_exit                            - Undefined Weak Reference
    __Vectors_Size                           0x000000ec   Number         0  startup_stm32f103xb.o ABSOLUTE
    __Vectors                                0x08000000   Data           4  startup_stm32f103xb.o(RESET)
    __Vectors_End                            0x080000ec   Data           0  startup_stm32f103xb.o(RESET)
    __main                                   0x080000ed   Thumb Code     0  entry.o(.ARM.Collect$$$$00000000)
    _main_stk                                0x080000ed   Thumb Code     0  entry2.o(.ARM.Collect$$$$00000001)
    _main_scatterload                        0x080000f1   Thumb Code     0  entry5.o(.ARM.Collect$$$$00000004)
    __main_after_scatterload                 0x080000f5   Thumb Code     0  entry5.o(.ARM.Collect$$$$00000004)
    _main_clock                              0x080000f5   Thumb Code     0  entry7b.o(.ARM.Collect$$$$00000008)
    _main_cpp_init                           0x080000f5   Thumb Code     0  entry8b.o(.ARM.Collect$$$$0000000A)
    _main_init                               0x080000f5   Thumb Code     0  entry9a.o(.ARM.Collect$$$$0000000B)
    __rt_lib_shutdown_fini                   0x080000fd   Thumb Code     0  entry12b.o(.ARM.Collect$$$$0000000E)
    __rt_final_cpp                           0x08000101   Thumb Code     0  entry10a.o(.ARM.Collect$$$$0000000F)
    __rt_final_exit                          0x08000101   Thumb Code     0  entry11a.o(.ARM.Collect$$$$00000011)
    SVC_Handler                              0x08000105   Thumb Code    32  port.o(.emb_text)
    __asm___6_port_c_39a90d8d__prvStartFirstTask 0x08000129   Thumb Code    28  port.o(.emb_text)
    PendSV_Handler                           0x08000149   Thumb Code    72  port.o(.emb_text)
    vPortGetIPSR                             0x08000195   Thumb Code     6  port.o(.emb_text)
    Reset_Handler                            0x0800019d   Thumb Code     8  startup_stm32f103xb.o(.text)
    ADC1_2_IRQHandler                        0x080001b7   Thumb Code     0  startup_stm32f103xb.o(.text)
    CAN1_RX1_IRQHandler                      0x080001b7   Thumb Code     0  startup_stm32f103xb.o(.text)
    CAN1_SCE_IRQHandler                      0x080001b7   Thumb Code     0  startup_stm32f103xb.o(.text)
    DMA1_Channel1_IRQHandler                 0x080001b7   Thumb Code     0  startup_stm32f103xb.o(.text)
    DMA1_Channel2_IRQHandler                 0x080001b7   Thumb Code     0  startup_stm32f103xb.o(.text)
    DMA1_Channel3_IRQHandler                 0x080001b7   Thumb Code     0  startup_stm32f103xb.o(.text)
    DMA1_Channel4_IRQHandler                 0x080001b7   Thumb Code     0  startup_stm32f103xb.o(.text)
    DMA1_Channel5_IRQHandler                 0x080001b7   Thumb Code     0  startup_stm32f103xb.o(.text)
    DMA1_Channel6_IRQHandler                 0x080001b7   Thumb Code     0  startup_stm32f103xb.o(.text)
    DMA1_Channel7_IRQHandler                 0x080001b7   Thumb Code     0  startup_stm32f103xb.o(.text)
    EXTI0_IRQHandler                         0x080001b7   Thumb Code     0  startup_stm32f103xb.o(.text)
    EXTI15_10_IRQHandler                     0x080001b7   Thumb Code     0  startup_stm32f103xb.o(.text)
    EXTI1_IRQHandler                         0x080001b7   Thumb Code     0  startup_stm32f103xb.o(.text)
    EXTI2_IRQHandler                         0x080001b7   Thumb Code     0  startup_stm32f103xb.o(.text)
    EXTI3_IRQHandler                         0x080001b7   Thumb Code     0  startup_stm32f103xb.o(.text)
    EXTI4_IRQHandler                         0x080001b7   Thumb Code     0  startup_stm32f103xb.o(.text)
    EXTI9_5_IRQHandler                       0x080001b7   Thumb Code     0  startup_stm32f103xb.o(.text)
    FLASH_IRQHandler                         0x080001b7   Thumb Code     0  startup_stm32f103xb.o(.text)
    I2C1_ER_IRQHandler                       0x080001b7   Thumb Code     0  startup_stm32f103xb.o(.text)
    I2C1_EV_IRQHandler                       0x080001b7   Thumb Code     0  startup_stm32f103xb.o(.text)
    I2C2_ER_IRQHandler                       0x080001b7   Thumb Code     0  startup_stm32f103xb.o(.text)
    I2C2_EV_IRQHandler                       0x080001b7   Thumb Code     0  startup_stm32f103xb.o(.text)
    PVD_IRQHandler                           0x080001b7   Thumb Code     0  startup_stm32f103xb.o(.text)
    RCC_IRQHandler                           0x080001b7   Thumb Code     0  startup_stm32f103xb.o(.text)
    RTC_Alarm_IRQHandler                     0x080001b7   Thumb Code     0  startup_stm32f103xb.o(.text)
    RTC_IRQHandler                           0x080001b7   Thumb Code     0  startup_stm32f103xb.o(.text)
    SPI1_IRQHandler                          0x080001b7   Thumb Code     0  startup_stm32f103xb.o(.text)
    SPI2_IRQHandler                          0x080001b7   Thumb Code     0  startup_stm32f103xb.o(.text)
    TAMPER_IRQHandler                        0x080001b7   Thumb Code     0  startup_stm32f103xb.o(.text)
    TIM1_BRK_IRQHandler                      0x080001b7   Thumb Code     0  startup_stm32f103xb.o(.text)
    TIM1_CC_IRQHandler                       0x080001b7   Thumb Code     0  startup_stm32f103xb.o(.text)
    TIM1_TRG_COM_IRQHandler                  0x080001b7   Thumb Code     0  startup_stm32f103xb.o(.text)
    TIM1_UP_IRQHandler                       0x080001b7   Thumb Code     0  startup_stm32f103xb.o(.text)
    TIM2_IRQHandler                          0x080001b7   Thumb Code     0  startup_stm32f103xb.o(.text)
    TIM3_IRQHandler                          0x080001b7   Thumb Code     0  startup_stm32f103xb.o(.text)
    USART2_IRQHandler                        0x080001b7   Thumb Code     0  startup_stm32f103xb.o(.text)
    USART3_IRQHandler                        0x080001b7   Thumb Code     0  startup_stm32f103xb.o(.text)
    USBWakeUp_IRQHandler                     0x080001b7   Thumb Code     0  startup_stm32f103xb.o(.text)
    USB_HP_CAN1_TX_IRQHandler                0x080001b7   Thumb Code     0  startup_stm32f103xb.o(.text)
    USB_LP_CAN1_RX0_IRQHandler               0x080001b7   Thumb Code     0  startup_stm32f103xb.o(.text)
    WWDG_IRQHandler                          0x080001b7   Thumb Code     0  startup_stm32f103xb.o(.text)
    __aeabi_memcpy                           0x080001c1   Thumb Code    36  memcpya.o(.text)
    __aeabi_memcpy4                          0x080001c1   Thumb Code     0  memcpya.o(.text)
    __aeabi_memcpy8                          0x080001c1   Thumb Code     0  memcpya.o(.text)
    __aeabi_memset                           0x080001e5   Thumb Code    14  memseta.o(.text)
    __aeabi_memset4                          0x080001e5   Thumb Code     0  memseta.o(.text)
    __aeabi_memset8                          0x080001e5   Thumb Code     0  memseta.o(.text)
    __aeabi_memclr                           0x080001f3   Thumb Code     4  memseta.o(.text)
    __aeabi_memclr4                          0x080001f3   Thumb Code     0  memseta.o(.text)
    __aeabi_memclr8                          0x080001f3   Thumb Code     0  memseta.o(.text)
    memset                                   0x080001f7   Thumb Code    18  memseta.o(.text)
    __aeabi_uidiv                            0x08000209   Thumb Code     0  uidiv.o(.text)
    __aeabi_uidivmod                         0x08000209   Thumb Code    44  uidiv.o(.text)
    __scatterload                            0x08000235   Thumb Code    28  init.o(.text)
    __scatterload_rt2                        0x08000235   Thumb Code     0  init.o(.text)
    BusFault_Handler                         0x08000259   Thumb Code     2  stm32f1xx_it.o(i.BusFault_Handler)
    DebugMon_Handler                         0x0800025b   Thumb Code     2  stm32f1xx_it.o(i.DebugMon_Handler)
    Error_Handler                            0x0800025d   Thumb Code     4  main.o(i.Error_Handler)
    HAL_DMA_Abort                            0x08000261   Thumb Code    70  stm32f1xx_hal_dma.o(i.HAL_DMA_Abort)
    HAL_DMA_Abort_IT                         0x080002a9   Thumb Code   148  stm32f1xx_hal_dma.o(i.HAL_DMA_Abort_IT)
    HAL_Delay                                0x08000341   Thumb Code    32  stm32f1xx_hal.o(i.HAL_Delay)
    HAL_GPIO_Init                            0x08000365   Thumb Code   446  stm32f1xx_hal_gpio.o(i.HAL_GPIO_Init)
    HAL_GPIO_ReadPin                         0x08000545   Thumb Code    10  stm32f1xx_hal_gpio.o(i.HAL_GPIO_ReadPin)
    HAL_GPIO_WritePin                        0x0800054f   Thumb Code    10  stm32f1xx_hal_gpio.o(i.HAL_GPIO_WritePin)
    HAL_GetTick                              0x08000559   Thumb Code     6  stm32f1xx_hal.o(i.HAL_GetTick)
    HAL_IncTick                              0x08000565   Thumb Code    12  stm32f1xx_hal.o(i.HAL_IncTick)
    HAL_Init                                 0x08000575   Thumb Code    32  stm32f1xx_hal.o(i.HAL_Init)
    HAL_InitTick                             0x08000599   Thumb Code   132  stm32f1xx_hal_timebase_tim.o(i.HAL_InitTick)
    HAL_MspInit                              0x08000631   Thumb Code    62  stm32f1xx_hal_msp.o(i.HAL_MspInit)
    HAL_NVIC_EnableIRQ                       0x08000679   Thumb Code    26  stm32f1xx_hal_cortex.o(i.HAL_NVIC_EnableIRQ)
    HAL_NVIC_SetPriority                     0x08000695   Thumb Code    60  stm32f1xx_hal_cortex.o(i.HAL_NVIC_SetPriority)
    HAL_NVIC_SetPriorityGrouping             0x080006d5   Thumb Code    26  stm32f1xx_hal_cortex.o(i.HAL_NVIC_SetPriorityGrouping)
    HAL_RCC_ClockConfig                      0x080006f9   Thumb Code   280  stm32f1xx_hal_rcc.o(i.HAL_RCC_ClockConfig)
    HAL_RCC_GetClockConfig                   0x08000825   Thumb Code    54  stm32f1xx_hal_rcc.o(i.HAL_RCC_GetClockConfig)
    HAL_RCC_GetPCLK1Freq                     0x08000865   Thumb Code    20  stm32f1xx_hal_rcc.o(i.HAL_RCC_GetPCLK1Freq)
    HAL_RCC_GetPCLK2Freq                     0x08000885   Thumb Code    20  stm32f1xx_hal_rcc.o(i.HAL_RCC_GetPCLK2Freq)
    HAL_RCC_GetSysClockFreq                  0x080008a5   Thumb Code    58  stm32f1xx_hal_rcc.o(i.HAL_RCC_GetSysClockFreq)
    HAL_RCC_OscConfig                        0x080008f1   Thumb Code   778  stm32f1xx_hal_rcc.o(i.HAL_RCC_OscConfig)
    HAL_TIMEx_BreakCallback                  0x08000c11   Thumb Code     2  stm32f1xx_hal_tim_ex.o(i.HAL_TIMEx_BreakCallback)
    HAL_TIMEx_CommutCallback                 0x08000c13   Thumb Code     2  stm32f1xx_hal_tim_ex.o(i.HAL_TIMEx_CommutCallback)
    HAL_TIMEx_ConfigBreakDeadTime            0x08000c15   Thumb Code    84  stm32f1xx_hal_tim_ex.o(i.HAL_TIMEx_ConfigBreakDeadTime)
    HAL_TIMEx_MasterConfigSynchronization    0x08000c69   Thumb Code    92  stm32f1xx_hal_tim_ex.o(i.HAL_TIMEx_MasterConfigSynchronization)
    HAL_TIM_Base_Init                        0x08000cd1   Thumb Code    90  stm32f1xx_hal_tim.o(i.HAL_TIM_Base_Init)
    HAL_TIM_Base_MspInit                     0x08000d2d   Thumb Code    74  tim.o(i.HAL_TIM_Base_MspInit)
    HAL_TIM_Base_Start_IT                    0x08000d85   Thumb Code    76  stm32f1xx_hal_tim.o(i.HAL_TIM_Base_Start_IT)
    HAL_TIM_ConfigClockSource                0x08000ddd   Thumb Code   220  stm32f1xx_hal_tim.o(i.HAL_TIM_ConfigClockSource)
    HAL_TIM_IC_CaptureCallback               0x08000eb9   Thumb Code     2  stm32f1xx_hal_tim.o(i.HAL_TIM_IC_CaptureCallback)
    HAL_TIM_IRQHandler                       0x08000ebb   Thumb Code   304  stm32f1xx_hal_tim.o(i.HAL_TIM_IRQHandler)
    HAL_TIM_MspPostInit                      0x08000fed   Thumb Code   118  tim.o(i.HAL_TIM_MspPostInit)
    HAL_TIM_OC_DelayElapsedCallback          0x08001075   Thumb Code     2  stm32f1xx_hal_tim.o(i.HAL_TIM_OC_DelayElapsedCallback)
    HAL_TIM_PWM_ConfigChannel                0x08001077   Thumb Code   204  stm32f1xx_hal_tim.o(i.HAL_TIM_PWM_ConfigChannel)
    HAL_TIM_PWM_Init                         0x08001143   Thumb Code    90  stm32f1xx_hal_tim.o(i.HAL_TIM_PWM_Init)
    HAL_TIM_PWM_MspInit                      0x0800119d   Thumb Code     2  stm32f1xx_hal_tim.o(i.HAL_TIM_PWM_MspInit)
    HAL_TIM_PWM_PulseFinishedCallback        0x0800119f   Thumb Code     2  stm32f1xx_hal_tim.o(i.HAL_TIM_PWM_PulseFinishedCallback)
    HAL_TIM_PWM_Start                        0x080011a1   Thumb Code   144  stm32f1xx_hal_tim.o(i.HAL_TIM_PWM_Start)
    HAL_TIM_PeriodElapsedCallback            0x0800123d   Thumb Code    14  main.o(i.HAL_TIM_PeriodElapsedCallback)
    HAL_TIM_TriggerCallback                  0x08001251   Thumb Code     2  stm32f1xx_hal_tim.o(i.HAL_TIM_TriggerCallback)
    HAL_UARTEx_RxEventCallback               0x08001253   Thumb Code     2  stm32f1xx_hal_uart.o(i.HAL_UARTEx_RxEventCallback)
    HAL_UART_ErrorCallback                   0x08001255   Thumb Code     2  stm32f1xx_hal_uart.o(i.HAL_UART_ErrorCallback)
    HAL_UART_IRQHandler                      0x08001259   Thumb Code   616  stm32f1xx_hal_uart.o(i.HAL_UART_IRQHandler)
    HAL_UART_Init                            0x080014c5   Thumb Code   100  stm32f1xx_hal_uart.o(i.HAL_UART_Init)
    HAL_UART_MspInit                         0x08001529   Thumb Code   116  usart_1.o(i.HAL_UART_MspInit)
    HAL_UART_RxCpltCallback                  0x080015a9   Thumb Code     2  stm32f1xx_hal_uart.o(i.HAL_UART_RxCpltCallback)
    HAL_UART_Transmit                        0x080015ab   Thumb Code   160  stm32f1xx_hal_uart.o(i.HAL_UART_Transmit)
    HAL_UART_TxCpltCallback                  0x0800164b   Thumb Code     2  stm32f1xx_hal_uart.o(i.HAL_UART_TxCpltCallback)
    HardFault_Handler                        0x0800164d   Thumb Code     2  stm32f1xx_it.o(i.HardFault_Handler)
    Key_Detect                               0x08001651   Thumb Code   106  key_task.o(i.Key_Detect)
    MX_FREERTOS_Init                         0x080016c1   Thumb Code   130  freertos.o(i.MX_FREERTOS_Init)
    MX_GPIO_Init                             0x08001765   Thumb Code   160  gpio.o(i.MX_GPIO_Init)
    MX_TIM1_Init                             0x08001811   Thumb Code   190  tim.o(i.MX_TIM1_Init)
    MX_TIM2_Init                             0x080018d9   Thumb Code   150  tim.o(i.MX_TIM2_Init)
    MX_TIM3_Init                             0x08001975   Thumb Code   144  tim.o(i.MX_TIM3_Init)
    MX_USART1_UART_Init                      0x08001a0d   Thumb Code    48  usart_1.o(i.MX_USART1_UART_Init)
    MemManage_Handler                        0x08001a45   Thumb Code     2  stm32f1xx_it.o(i.MemManage_Handler)
    NMI_Handler                              0x08001a47   Thumb Code     2  stm32f1xx_it.o(i.NMI_Handler)
    OLED_Clear                               0x08001a49   Thumb Code    38  oled.o(i.OLED_Clear)
    OLED_I2C_Init                            0x08001a6f   Thumb Code    22  oled.o(i.OLED_I2C_Init)
    OLED_I2C_SendByte                        0x08001a85   Thumb Code    58  oled.o(i.OLED_I2C_SendByte)
    OLED_I2C_Start                           0x08001abf   Thumb Code    30  oled.o(i.OLED_I2C_Start)
    OLED_I2C_Stop                            0x08001add   Thumb Code    24  oled.o(i.OLED_I2C_Stop)
    OLED_Init                                0x08001af5   Thumb Code   172  oled.o(i.OLED_Init)
    OLED_Pow                                 0x08001ba1   Thumb Code    14  oled.o(i.OLED_Pow)
    OLED_SetCursor                           0x08001baf   Thumb Code    34  oled.o(i.OLED_SetCursor)
    OLED_ShowChar                            0x08001bd1   Thumb Code    98  oled.o(i.OLED_ShowChar)
    OLED_ShowNum                             0x08001c39   Thumb Code    66  oled.o(i.OLED_ShowNum)
    OLED_ShowString                          0x08001c7b   Thumb Code    38  oled.o(i.OLED_ShowString)
    OLED_W_SCL                               0x08001ca1   Thumb Code    12  oled.o(i.OLED_W_SCL)
    OLED_W_SDA                               0x08001cb1   Thumb Code    12  oled.o(i.OLED_W_SDA)
    OLED_WriteCommand                        0x08001cc1   Thumb Code    34  oled.o(i.OLED_WriteCommand)
    OLED_WriteData                           0x08001ce3   Thumb Code    34  oled.o(i.OLED_WriteData)
    StartDefaultTask                         0x08001d05   Thumb Code     8  freertos.o(i.StartDefaultTask)
    StartKeyTask                             0x08001d0d   Thumb Code   210  key_task.o(i.StartKeyTask)
    StartLEDTask                             0x08001ded   Thumb Code   140  led_task.o(i.StartLEDTask)
    StartMotorTask                           0x08001e91   Thumb Code   162  motor_task.o(i.StartMotorTask)
    StartOLEDTask                            0x08001f75   Thumb Code    84  oled_task.o(i.StartOLEDTask)
    StartServoTask                           0x08001fed   Thumb Code   112  servo_task.o(i.StartServoTask)
    SysTick_Handler                          0x08002085   Thumb Code    26  cmsis_os2.o(i.SysTick_Handler)
    SystemClock_Config                       0x0800209f   Thumb Code    94  main.o(i.SystemClock_Config)
    SystemInit                               0x080020fd   Thumb Code     2  system_stm32f1xx.o(i.SystemInit)
    TIM4_IRQHandler                          0x08002101   Thumb Code     6  stm32f1xx_it.o(i.TIM4_IRQHandler)
    TIM_Base_SetConfig                       0x0800210d   Thumb Code   108  stm32f1xx_hal_tim.o(i.TIM_Base_SetConfig)
    TIM_CCxChannelCmd                        0x08002185   Thumb Code    26  stm32f1xx_hal_tim.o(i.TIM_CCxChannelCmd)
    TIM_ETR_SetConfig                        0x0800219f   Thumb Code    20  stm32f1xx_hal_tim.o(i.TIM_ETR_SetConfig)
    TIM_OC2_SetConfig                        0x08002215   Thumb Code    84  stm32f1xx_hal_tim.o(i.TIM_OC2_SetConfig)
    USART1_IRQHandler                        0x0800259d   Thumb Code     6  stm32f1xx_it.o(i.USART1_IRQHandler)
    UsageFault_Handler                       0x080025a9   Thumb Code     2  stm32f1xx_it.o(i.UsageFault_Handler)
    __0printf$1                              0x080025ad   Thumb Code    22  printf1.o(i.__0printf$1)
    __1printf$1                              0x080025ad   Thumb Code     0  printf1.o(i.__0printf$1)
    __2printf                                0x080025ad   Thumb Code     0  printf1.o(i.__0printf$1)
    __scatterload_copy                       0x080025ed   Thumb Code    14  handlers.o(i.__scatterload_copy)
    __scatterload_null                       0x080025fb   Thumb Code     2  handlers.o(i.__scatterload_null)
    __scatterload_zeroinit                   0x080025fd   Thumb Code    14  handlers.o(i.__scatterload_zeroinit)
    fputc                                    0x08002761   Thumb Code    20  usart_1.o(i.fputc)
    main                                     0x08002779   Thumb Code    66  main.o(i.main)
    osDelay                                  0x080027c9   Thumb Code    26  cmsis_os2.o(i.osDelay)
    osKernelInitialize                       0x080027e5   Thumb Code    32  cmsis_os2.o(i.osKernelInitialize)
    osKernelStart                            0x08002809   Thumb Code    48  cmsis_os2.o(i.osKernelStart)
    osMessageQueueGet                        0x08002841   Thumb Code    96  cmsis_os2.o(i.osMessageQueueGet)
    osMessageQueueNew                        0x080028a5   Thumb Code    88  cmsis_os2.o(i.osMessageQueueNew)
    osMessageQueuePut                        0x080028fd   Thumb Code   100  cmsis_os2.o(i.osMessageQueuePut)
    osThreadNew                              0x08002965   Thumb Code   138  cmsis_os2.o(i.osThreadNew)
    pvPortMalloc                             0x08003185   Thumb Code   216  heap_4.o(i.pvPortMalloc)
    pxPortInitialiseStack                    0x08003261   Thumb Code    32  port.o(i.pxPortInitialiseStack)
    uxListRemove                             0x08003285   Thumb Code    38  list.o(i.uxListRemove)
    vApplicationGetIdleTaskMemory            0x080032ad   Thumb Code    16  cmsis_os2.o(i.vApplicationGetIdleTaskMemory)
    vApplicationGetTimerTaskMemory           0x080032c1   Thumb Code    18  cmsis_os2.o(i.vApplicationGetTimerTaskMemory)
    vListInitialise                          0x080032d9   Thumb Code    22  list.o(i.vListInitialise)
    vListInitialiseItem                      0x080032ef   Thumb Code     6  list.o(i.vListInitialiseItem)
    vListInsert                              0x080032f5   Thumb Code    48  list.o(i.vListInsert)
    vListInsertEnd                           0x08003325   Thumb Code    24  list.o(i.vListInsertEnd)
    vPortEnterCritical                       0x0800333d   Thumb Code    54  port.o(i.vPortEnterCritical)
    vPortExitCritical                        0x0800337d   Thumb Code    34  port.o(i.vPortExitCritical)
    vPortFree                                0x080033a5   Thumb Code    94  heap_4.o(i.vPortFree)
    vPortSetupTimerInterrupt                 0x08003409   Thumb Code    32  port.o(i.vPortSetupTimerInterrupt)
    vPortValidateInterruptPriority           0x0800342d   Thumb Code    74  port.o(i.vPortValidateInterruptPriority)
    vQueueAddToRegistry                      0x08003481   Thumb Code    34  queue.o(i.vQueueAddToRegistry)
    vQueueWaitForMessageRestricted           0x080034a9   Thumb Code    68  queue.o(i.vQueueWaitForMessageRestricted)
    vTaskDelay                               0x080034ed   Thumb Code    66  tasks.o(i.vTaskDelay)
    vTaskInternalSetTimeOutState             0x08003539   Thumb Code    12  tasks.o(i.vTaskInternalSetTimeOutState)
    vTaskMissedYield                         0x08003549   Thumb Code     8  tasks.o(i.vTaskMissedYield)
    vTaskPlaceOnEventList                    0x08003555   Thumb Code    44  tasks.o(i.vTaskPlaceOnEventList)
    vTaskPlaceOnEventListRestricted          0x08003585   Thumb Code    52  tasks.o(i.vTaskPlaceOnEventListRestricted)
    vTaskStartScheduler                      0x080035bd   Thumb Code   118  tasks.o(i.vTaskStartScheduler)
    vTaskSuspendAll                          0x08003645   Thumb Code    10  tasks.o(i.vTaskSuspendAll)
    vTaskSwitchContext                       0x08003655   Thumb Code    90  tasks.o(i.vTaskSwitchContext)
    xPortStartScheduler                      0x080036b9   Thumb Code   154  port.o(i.xPortStartScheduler)
    xPortSysTickHandler                      0x08003761   Thumb Code    38  port.o(i.xPortSysTickHandler)
    xQueueGenericCreate                      0x0800378d   Thumb Code    66  queue.o(i.xQueueGenericCreate)
    xQueueGenericCreateStatic                0x080037cf   Thumb Code   102  queue.o(i.xQueueGenericCreateStatic)
    xQueueGenericReset                       0x08003835   Thumb Code   132  queue.o(i.xQueueGenericReset)
    xQueueGenericSend                        0x080038bd   Thumb Code   346  queue.o(i.xQueueGenericSend)
    xQueueGenericSendFromISR                 0x08003a1d   Thumb Code   190  queue.o(i.xQueueGenericSendFromISR)
    xQueueReceive                            0x08003add   Thumb Code   308  queue.o(i.xQueueReceive)
    xQueueReceiveFromISR                     0x08003c15   Thumb Code   154  queue.o(i.xQueueReceiveFromISR)
    xTaskCheckForTimeOut                     0x08003cb1   Thumb Code   112  tasks.o(i.xTaskCheckForTimeOut)
    xTaskCreate                              0x08003d25   Thumb Code    90  tasks.o(i.xTaskCreate)
    xTaskCreateStatic                        0x08003d7f   Thumb Code    86  tasks.o(i.xTaskCreateStatic)
    xTaskGetSchedulerState                   0x08003dd5   Thumb Code    22  tasks.o(i.xTaskGetSchedulerState)
    xTaskGetTickCount                        0x08003df1   Thumb Code     6  tasks.o(i.xTaskGetTickCount)
    xTaskIncrementTick                       0x08003dfd   Thumb Code   192  tasks.o(i.xTaskIncrementTick)
    xTaskPriorityDisinherit                  0x08003ec5   Thumb Code   118  tasks.o(i.xTaskPriorityDisinherit)
    xTaskRemoveFromEventList                 0x08003f45   Thumb Code    98  tasks.o(i.xTaskRemoveFromEventList)
    xTaskResumeAll                           0x08003fb5   Thumb Code   182  tasks.o(i.xTaskResumeAll)
    xTimerCreateTimerTask                    0x08004079   Thumb Code    78  timers.o(i.xTimerCreateTimerTask)
    xTimerGenericCommand                     0x080040d9   Thumb Code    98  timers.o(i.xTimerGenericCommand)
    OLED_F8x16                               0x08004140   Data        1520  oled.o(.constdata)
    Hzk1                                     0x08004730   Data        1088  oled.o(.constdata)
    defaultTask_attributes                   0x08004b70   Data          36  freertos.o(.constdata)
    MotorTask_attributes                     0x08004b94   Data          36  freertos.o(.constdata)
    ServoTask_attributes                     0x08004bb8   Data          36  freertos.o(.constdata)
    LEDTask_attributes                       0x08004bdc   Data          36  freertos.o(.constdata)
    Key_TASK_attributes                      0x08004c00   Data          36  freertos.o(.constdata)
    OLEDtask_attributes                      0x08004c24   Data          36  freertos.o(.constdata)
    motorQueue_attributes                    0x08004c48   Data          24  freertos.o(.constdata)
    servoQueue_attributes                    0x08004c60   Data          24  freertos.o(.constdata)
    ledQueue_attributes                      0x08004c78   Data          24  freertos.o(.constdata)
    AHBPrescTable                            0x08004ca2   Data          16  system_stm32f1xx.o(.constdata)
    APBPrescTable                            0x08004cb2   Data           8  system_stm32f1xx.o(.constdata)
    Region$$Table$$Base                      0x08004d24   Number         0  anon$$obj.o(Region$$Table)
    Region$$Table$$Limit                     0x08004d44   Number         0  anon$$obj.o(Region$$Table)
    motorState                               0x20000000   Data           1  motor_task.o(.data)
    ledState                                 0x20000001   Data           1  led_task.o(.data)
    servoState                               0x20000002   Data           1  servo_task.o(.data)
    defaultTaskHandle                        0x20000004   Data           4  freertos.o(.data)
    MotorTaskHandle                          0x20000008   Data           4  freertos.o(.data)
    ServoTaskHandle                          0x2000000c   Data           4  freertos.o(.data)
    LEDTaskHandle                            0x20000010   Data           4  freertos.o(.data)
    Key_TASKHandle                           0x20000014   Data           4  freertos.o(.data)
    OLEDtaskHandle                           0x20000018   Data           4  freertos.o(.data)
    motorQueueHandle                         0x2000001c   Data           4  freertos.o(.data)
    servoQueueHandle                         0x20000020   Data           4  freertos.o(.data)
    ledQueueHandle                           0x20000024   Data           4  freertos.o(.data)
    uwTickFreq                               0x20000028   Data           1  stm32f1xx_hal.o(.data)
    uwTickPrio                               0x2000002c   Data           4  stm32f1xx_hal.o(.data)
    uwTick                                   0x20000030   Data           4  stm32f1xx_hal.o(.data)
    SystemCoreClock                          0x20000034   Data           4  system_stm32f1xx.o(.data)
    pxCurrentTCB                             0x20000038   Data           4  tasks.o(.data)
    __stdout                                 0x200000b8   Data           4  stdout.o(.data)
    htim1                                    0x200000bc   Data          72  tim.o(.bss)
    htim2                                    0x20000104   Data          72  tim.o(.bss)
    htim3                                    0x2000014c   Data          72  tim.o(.bss)
    huart1                                   0x20000194   Data          72  usart_1.o(.bss)
    htim4                                    0x200001dc   Data          72  stm32f1xx_hal_timebase_tim.o(.bss)
    xQueueRegistry                           0x20000224   Data          64  queue.o(.bss)
    __initial_sp                             0x20003af8   Data           0  startup_stm32f103xb.o(STACK)



==============================================================================

Memory Map of the image

  Image Entry point : 0x080000ed

  Load Region LR_IROM1 (Base: 0x08000000, Size: 0x00004e00, Max: 0x00010000, ABSOLUTE)

    Execution Region ER_IROM1 (Exec base: 0x08000000, Load base: 0x08000000, Size: 0x00004d44, Max: 0x00010000, ABSOLUTE)

    Exec Addr    Load Addr    Size         Type   Attr      Idx    E Section Name        Object

    0x08000000   0x08000000   0x000000ec   Data   RO            3    RESET               startup_stm32f103xb.o
    0x080000ec   0x080000ec   0x00000000   Code   RO         5223  * .ARM.Collect$$$$00000000  mc_w.l(entry.o)
    0x080000ec   0x080000ec   0x00000004   Code   RO         5497    .ARM.Collect$$$$00000001  mc_w.l(entry2.o)
    0x080000f0   0x080000f0   0x00000004   Code   RO         5500    .ARM.Collect$$$$00000004  mc_w.l(entry5.o)
    0x080000f4   0x080000f4   0x00000000   Code   RO         5502    .ARM.Collect$$$$00000008  mc_w.l(entry7b.o)
    0x080000f4   0x080000f4   0x00000000   Code   RO         5504    .ARM.Collect$$$$0000000A  mc_w.l(entry8b.o)
    0x080000f4   0x080000f4   0x00000008   Code   RO         5505    .ARM.Collect$$$$0000000B  mc_w.l(entry9a.o)
    0x080000fc   0x080000fc   0x00000004   Code   RO         5512    .ARM.Collect$$$$0000000E  mc_w.l(entry12b.o)
    0x08000100   0x08000100   0x00000000   Code   RO         5507    .ARM.Collect$$$$0000000F  mc_w.l(entry10a.o)
    0x08000100   0x08000100   0x00000000   Code   RO         5509    .ARM.Collect$$$$00000011  mc_w.l(entry11a.o)
    0x08000100   0x08000100   0x00000004   Code   RO         5498    .ARM.Collect$$$$00002712  mc_w.l(entry2.o)
    0x08000104   0x08000104   0x00000096   Code   RO         5146    .emb_text           port.o
    0x0800019a   0x0800019a   0x00000002   PAD
    0x0800019c   0x0800019c   0x00000024   Code   RO            4    .text               startup_stm32f103xb.o
    0x080001c0   0x080001c0   0x00000024   Code   RO         5228    .text               mc_w.l(memcpya.o)
    0x080001e4   0x080001e4   0x00000024   Code   RO         5232    .text               mc_w.l(memseta.o)
    0x08000208   0x08000208   0x0000002c   Code   RO         5514    .text               mc_w.l(uidiv.o)
    0x08000234   0x08000234   0x00000024   Code   RO         5529    .text               mc_w.l(init.o)
    0x08000258   0x08000258   0x00000002   Code   RO          943    i.BusFault_Handler  stm32f1xx_it.o
    0x0800025a   0x0800025a   0x00000002   Code   RO          944    i.DebugMon_Handler  stm32f1xx_it.o
    0x0800025c   0x0800025c   0x00000004   Code   RO          703    i.Error_Handler     main.o
    0x08000260   0x08000260   0x00000046   Code   RO         2466    i.HAL_DMA_Abort     stm32f1xx_hal_dma.o
    0x080002a6   0x080002a6   0x00000002   PAD
    0x080002a8   0x080002a8   0x00000098   Code   RO         2467    i.HAL_DMA_Abort_IT  stm32f1xx_hal_dma.o
    0x08000340   0x08000340   0x00000024   Code   RO         2092    i.HAL_Delay         stm32f1xx_hal.o
    0x08000364   0x08000364   0x000001e0   Code   RO         2402    i.HAL_GPIO_Init     stm32f1xx_hal_gpio.o
    0x08000544   0x08000544   0x0000000a   Code   RO         2404    i.HAL_GPIO_ReadPin  stm32f1xx_hal_gpio.o
    0x0800054e   0x0800054e   0x0000000a   Code   RO         2406    i.HAL_GPIO_WritePin  stm32f1xx_hal_gpio.o
    0x08000558   0x08000558   0x0000000c   Code   RO         2096    i.HAL_GetTick       stm32f1xx_hal.o
    0x08000564   0x08000564   0x00000010   Code   RO         2102    i.HAL_IncTick       stm32f1xx_hal.o
    0x08000574   0x08000574   0x00000024   Code   RO         2103    i.HAL_Init          stm32f1xx_hal.o
    0x08000598   0x08000598   0x00000098   Code   RO         1037    i.HAL_InitTick      stm32f1xx_hal_timebase_tim.o
    0x08000630   0x08000630   0x00000048   Code   RO         1013    i.HAL_MspInit       stm32f1xx_hal_msp.o
    0x08000678   0x08000678   0x0000001a   Code   RO         2562    i.HAL_NVIC_EnableIRQ  stm32f1xx_hal_cortex.o
    0x08000692   0x08000692   0x00000002   PAD
    0x08000694   0x08000694   0x00000040   Code   RO         2568    i.HAL_NVIC_SetPriority  stm32f1xx_hal_cortex.o
    0x080006d4   0x080006d4   0x00000024   Code   RO         2569    i.HAL_NVIC_SetPriorityGrouping  stm32f1xx_hal_cortex.o
    0x080006f8   0x080006f8   0x0000012c   Code   RO         2260    i.HAL_RCC_ClockConfig  stm32f1xx_hal_rcc.o
    0x08000824   0x08000824   0x00000040   Code   RO         2264    i.HAL_RCC_GetClockConfig  stm32f1xx_hal_rcc.o
    0x08000864   0x08000864   0x00000020   Code   RO         2267    i.HAL_RCC_GetPCLK1Freq  stm32f1xx_hal_rcc.o
    0x08000884   0x08000884   0x00000020   Code   RO         2268    i.HAL_RCC_GetPCLK2Freq  stm32f1xx_hal_rcc.o
    0x080008a4   0x080008a4   0x0000004c   Code   RO         2269    i.HAL_RCC_GetSysClockFreq  stm32f1xx_hal_rcc.o
    0x080008f0   0x080008f0   0x00000320   Code   RO         2272    i.HAL_RCC_OscConfig  stm32f1xx_hal_rcc.o
    0x08000c10   0x08000c10   0x00000002   Code   RO         1818    i.HAL_TIMEx_BreakCallback  stm32f1xx_hal_tim_ex.o
    0x08000c12   0x08000c12   0x00000002   Code   RO         1819    i.HAL_TIMEx_CommutCallback  stm32f1xx_hal_tim_ex.o
    0x08000c14   0x08000c14   0x00000054   Code   RO         1821    i.HAL_TIMEx_ConfigBreakDeadTime  stm32f1xx_hal_tim_ex.o
    0x08000c68   0x08000c68   0x00000068   Code   RO         1837    i.HAL_TIMEx_MasterConfigSynchronization  stm32f1xx_hal_tim_ex.o
    0x08000cd0   0x08000cd0   0x0000005a   Code   RO         1114    i.HAL_TIM_Base_Init  stm32f1xx_hal_tim.o
    0x08000d2a   0x08000d2a   0x00000002   PAD
    0x08000d2c   0x08000d2c   0x00000058   Code   RO          836    i.HAL_TIM_Base_MspInit  tim.o
    0x08000d84   0x08000d84   0x00000058   Code   RO         1119    i.HAL_TIM_Base_Start_IT  stm32f1xx_hal_tim.o
    0x08000ddc   0x08000ddc   0x000000dc   Code   RO         1123    i.HAL_TIM_ConfigClockSource  stm32f1xx_hal_tim.o
    0x08000eb8   0x08000eb8   0x00000002   Code   RO         1148    i.HAL_TIM_IC_CaptureCallback  stm32f1xx_hal_tim.o
    0x08000eba   0x08000eba   0x00000130   Code   RO         1162    i.HAL_TIM_IRQHandler  stm32f1xx_hal_tim.o
    0x08000fea   0x08000fea   0x00000002   PAD
    0x08000fec   0x08000fec   0x00000088   Code   RO          837    i.HAL_TIM_MspPostInit  tim.o
    0x08001074   0x08001074   0x00000002   Code   RO         1165    i.HAL_TIM_OC_DelayElapsedCallback  stm32f1xx_hal_tim.o
    0x08001076   0x08001076   0x000000cc   Code   RO         1186    i.HAL_TIM_PWM_ConfigChannel  stm32f1xx_hal_tim.o
    0x08001142   0x08001142   0x0000005a   Code   RO         1189    i.HAL_TIM_PWM_Init  stm32f1xx_hal_tim.o
    0x0800119c   0x0800119c   0x00000002   Code   RO         1191    i.HAL_TIM_PWM_MspInit  stm32f1xx_hal_tim.o
    0x0800119e   0x0800119e   0x00000002   Code   RO         1192    i.HAL_TIM_PWM_PulseFinishedCallback  stm32f1xx_hal_tim.o
    0x080011a0   0x080011a0   0x0000009c   Code   RO         1194    i.HAL_TIM_PWM_Start  stm32f1xx_hal_tim.o
    0x0800123c   0x0800123c   0x00000014   Code   RO          704    i.HAL_TIM_PeriodElapsedCallback  main.o
    0x08001250   0x08001250   0x00000002   Code   RO         1205    i.HAL_TIM_TriggerCallback  stm32f1xx_hal_tim.o
    0x08001252   0x08001252   0x00000002   Code   RO         3074    i.HAL_UARTEx_RxEventCallback  stm32f1xx_hal_uart.o
    0x08001254   0x08001254   0x00000002   Code   RO         3088    i.HAL_UART_ErrorCallback  stm32f1xx_hal_uart.o
    0x08001256   0x08001256   0x00000002   PAD
    0x08001258   0x08001258   0x0000026c   Code   RO         3091    i.HAL_UART_IRQHandler  stm32f1xx_hal_uart.o
    0x080014c4   0x080014c4   0x00000064   Code   RO         3092    i.HAL_UART_Init     stm32f1xx_hal_uart.o
    0x08001528   0x08001528   0x00000080   Code   RO          896    i.HAL_UART_MspInit  usart_1.o
    0x080015a8   0x080015a8   0x00000002   Code   RO         3098    i.HAL_UART_RxCpltCallback  stm32f1xx_hal_uart.o
    0x080015aa   0x080015aa   0x000000a0   Code   RO         3100    i.HAL_UART_Transmit  stm32f1xx_hal_uart.o
    0x0800164a   0x0800164a   0x00000002   Code   RO         3103    i.HAL_UART_TxCpltCallback  stm32f1xx_hal_uart.o
    0x0800164c   0x0800164c   0x00000002   Code   RO          945    i.HardFault_Handler  stm32f1xx_it.o
    0x0800164e   0x0800164e   0x00000002   PAD
    0x08001650   0x08001650   0x00000070   Code   RO          378    i.Key_Detect        key_task.o
    0x080016c0   0x080016c0   0x000000a4   Code   RO          774    i.MX_FREERTOS_Init  freertos.o
    0x08001764   0x08001764   0x000000ac   Code   RO          750    i.MX_GPIO_Init      gpio.o
    0x08001810   0x08001810   0x000000c8   Code   RO          838    i.MX_TIM1_Init      tim.o
    0x080018d8   0x080018d8   0x0000009c   Code   RO          839    i.MX_TIM2_Init      tim.o
    0x08001974   0x08001974   0x00000098   Code   RO          840    i.MX_TIM3_Init      tim.o
    0x08001a0c   0x08001a0c   0x00000038   Code   RO          897    i.MX_USART1_UART_Init  usart_1.o
    0x08001a44   0x08001a44   0x00000002   Code   RO          946    i.MemManage_Handler  stm32f1xx_it.o
    0x08001a46   0x08001a46   0x00000002   Code   RO          947    i.NMI_Handler       stm32f1xx_it.o
    0x08001a48   0x08001a48   0x00000026   Code   RO          532    i.OLED_Clear        oled.o
    0x08001a6e   0x08001a6e   0x00000016   Code   RO          533    i.OLED_I2C_Init     oled.o
    0x08001a84   0x08001a84   0x0000003a   Code   RO          534    i.OLED_I2C_SendByte  oled.o
    0x08001abe   0x08001abe   0x0000001e   Code   RO          535    i.OLED_I2C_Start    oled.o
    0x08001adc   0x08001adc   0x00000018   Code   RO          536    i.OLED_I2C_Stop     oled.o
    0x08001af4   0x08001af4   0x000000ac   Code   RO          537    i.OLED_Init         oled.o
    0x08001ba0   0x08001ba0   0x0000000e   Code   RO          538    i.OLED_Pow          oled.o
    0x08001bae   0x08001bae   0x00000022   Code   RO          539    i.OLED_SetCursor    oled.o
    0x08001bd0   0x08001bd0   0x00000068   Code   RO          541    i.OLED_ShowChar     oled.o
    0x08001c38   0x08001c38   0x00000042   Code   RO          544    i.OLED_ShowNum      oled.o
    0x08001c7a   0x08001c7a   0x00000026   Code   RO          546    i.OLED_ShowString   oled.o
    0x08001ca0   0x08001ca0   0x00000010   Code   RO          547    i.OLED_W_SCL        oled.o
    0x08001cb0   0x08001cb0   0x00000010   Code   RO          548    i.OLED_W_SDA        oled.o
    0x08001cc0   0x08001cc0   0x00000022   Code   RO          549    i.OLED_WriteCommand  oled.o
    0x08001ce2   0x08001ce2   0x00000022   Code   RO          550    i.OLED_WriteData    oled.o
    0x08001d04   0x08001d04   0x00000008   Code   RO          775    i.StartDefaultTask  freertos.o
    0x08001d0c   0x08001d0c   0x000000e0   Code   RO          379    i.StartKeyTask      key_task.o
    0x08001dec   0x08001dec   0x000000a4   Code   RO          186    i.StartLEDTask      led_task.o
    0x08001e90   0x08001e90   0x000000e4   Code   RO           13    i.StartMotorTask    motor_task.o
    0x08001f74   0x08001f74   0x00000078   Code   RO          661    i.StartOLEDTask     oled_task.o
    0x08001fec   0x08001fec   0x00000098   Code   RO          348    i.StartServoTask    servo_task.o
    0x08002084   0x08002084   0x0000001a   Code   RO         4574    i.SysTick_Handler   cmsis_os2.o
    0x0800209e   0x0800209e   0x0000005e   Code   RO          705    i.SystemClock_Config  main.o
    0x080020fc   0x080020fc   0x00000002   Code   RO         3426    i.SystemInit        system_stm32f1xx.o
    0x080020fe   0x080020fe   0x00000002   PAD
    0x08002100   0x08002100   0x0000000c   Code   RO          948    i.TIM4_IRQHandler   stm32f1xx_it.o
    0x0800210c   0x0800210c   0x00000078   Code   RO         1207    i.TIM_Base_SetConfig  stm32f1xx_hal_tim.o
    0x08002184   0x08002184   0x0000001a   Code   RO         1208    i.TIM_CCxChannelCmd  stm32f1xx_hal_tim.o
    0x0800219e   0x0800219e   0x00000014   Code   RO         1218    i.TIM_ETR_SetConfig  stm32f1xx_hal_tim.o
    0x080021b2   0x080021b2   0x00000010   Code   RO         1219    i.TIM_ITRx_SetConfig  stm32f1xx_hal_tim.o
    0x080021c2   0x080021c2   0x00000002   PAD
    0x080021c4   0x080021c4   0x00000050   Code   RO         1220    i.TIM_OC1_SetConfig  stm32f1xx_hal_tim.o
    0x08002214   0x08002214   0x00000058   Code   RO         1221    i.TIM_OC2_SetConfig  stm32f1xx_hal_tim.o
    0x0800226c   0x0800226c   0x00000058   Code   RO         1222    i.TIM_OC3_SetConfig  stm32f1xx_hal_tim.o
    0x080022c4   0x080022c4   0x00000044   Code   RO         1223    i.TIM_OC4_SetConfig  stm32f1xx_hal_tim.o
    0x08002308   0x08002308   0x00000022   Code   RO         1225    i.TIM_TI1_ConfigInputStage  stm32f1xx_hal_tim.o
    0x0800232a   0x0800232a   0x00000024   Code   RO         1227    i.TIM_TI2_ConfigInputStage  stm32f1xx_hal_tim.o
    0x0800234e   0x0800234e   0x00000010   Code   RO         3105    i.UART_DMAAbortOnError  stm32f1xx_hal_uart.o
    0x0800235e   0x0800235e   0x0000004e   Code   RO         3115    i.UART_EndRxTransfer  stm32f1xx_hal_uart.o
    0x080023ac   0x080023ac   0x000000c2   Code   RO         3117    i.UART_Receive_IT   stm32f1xx_hal_uart.o
    0x0800246e   0x0800246e   0x00000002   PAD
    0x08002470   0x08002470   0x000000b8   Code   RO         3118    i.UART_SetConfig    stm32f1xx_hal_uart.o
    0x08002528   0x08002528   0x00000072   Code   RO         3121    i.UART_WaitOnFlagUntilTimeout  stm32f1xx_hal_uart.o
    0x0800259a   0x0800259a   0x00000002   PAD
    0x0800259c   0x0800259c   0x0000000c   Code   RO          949    i.USART1_IRQHandler  stm32f1xx_it.o
    0x080025a8   0x080025a8   0x00000002   Code   RO          950    i.UsageFault_Handler  stm32f1xx_it.o
    0x080025aa   0x080025aa   0x00000002   PAD
    0x080025ac   0x080025ac   0x00000020   Code   RO         5281    i.__0printf$1       mc_w.l(printf1.o)
    0x080025cc   0x080025cc   0x00000020   Code   RO         2575    i.__NVIC_SetPriority  stm32f1xx_hal_cortex.o
    0x080025ec   0x080025ec   0x0000000e   Code   RO         5539    i.__scatterload_copy  mc_w.l(handlers.o)
    0x080025fa   0x080025fa   0x00000002   Code   RO         5540    i.__scatterload_null  mc_w.l(handlers.o)
    0x080025fc   0x080025fc   0x0000000e   Code   RO         5541    i.__scatterload_zeroinit  mc_w.l(handlers.o)
    0x0800260a   0x0800260a   0x00000002   PAD
    0x0800260c   0x0800260c   0x00000154   Code   RO         5288    i._printf_core      mc_w.l(printf1.o)
    0x08002760   0x08002760   0x00000018   Code   RO          898    i.fputc             usart_1.o
    0x08002778   0x08002778   0x00000050   Code   RO          706    i.main              main.o
    0x080027c8   0x080027c8   0x0000001a   Code   RO         4576    i.osDelay           cmsis_os2.o
    0x080027e2   0x080027e2   0x00000002   PAD
    0x080027e4   0x080027e4   0x00000024   Code   RO         4590    i.osKernelInitialize  cmsis_os2.o
    0x08002808   0x08002808   0x00000038   Code   RO         4593    i.osKernelStart     cmsis_os2.o
    0x08002840   0x08002840   0x00000064   Code   RO         4605    i.osMessageQueueGet  cmsis_os2.o
    0x080028a4   0x080028a4   0x00000058   Code   RO         4610    i.osMessageQueueNew  cmsis_os2.o
    0x080028fc   0x080028fc   0x00000068   Code   RO         4611    i.osMessageQueuePut  cmsis_os2.o
    0x08002964   0x08002964   0x0000008a   Code   RO         4635    i.osThreadNew       cmsis_os2.o
    0x080029ee   0x080029ee   0x00000002   PAD
    0x080029f0   0x080029f0   0x0000005c   Code   RO         4038    i.prvAddCurrentTaskToDelayedList  tasks.o
    0x08002a4c   0x08002a4c   0x000000d0   Code   RO         4039    i.prvAddNewTaskToReadyList  tasks.o
    0x08002b1c   0x08002b1c   0x00000058   Code   RO         4403    i.prvCheckForValidListAndQueue  timers.o
    0x08002b74   0x08002b74   0x00000026   Code   RO         3635    i.prvCopyDataFromQueue  queue.o
    0x08002b9a   0x08002b9a   0x0000006c   Code   RO         3636    i.prvCopyDataToQueue  queue.o
    0x08002c06   0x08002c06   0x00000034   Code   RO         4040    i.prvDeleteTCB      tasks.o
    0x08002c3a   0x08002c3a   0x00000002   PAD
    0x08002c3c   0x08002c3c   0x0000004c   Code   RO         5091    i.prvHeapInit       heap_4.o
    0x08002c88   0x08002c88   0x00000060   Code   RO         4041    i.prvIdleTask       tasks.o
    0x08002ce8   0x08002ce8   0x00000022   Code   RO         3638    i.prvInitialiseNewQueue  queue.o
    0x08002d0a   0x08002d0a   0x00000002   PAD
    0x08002d0c   0x08002d0c   0x000000b0   Code   RO         4042    i.prvInitialiseNewTask  tasks.o
    0x08002dbc   0x08002dbc   0x0000004c   Code   RO         5092    i.prvInsertBlockIntoFreeList  heap_4.o
    0x08002e08   0x08002e08   0x00000038   Code   RO         4405    i.prvInsertTimerInActiveList  timers.o
    0x08002e40   0x08002e40   0x0000001c   Code   RO         3639    i.prvIsQueueEmpty   queue.o
    0x08002e5c   0x08002e5c   0x000000fc   Code   RO         4406    i.prvProcessReceivedCommands  timers.o
    0x08002f58   0x08002f58   0x000000c0   Code   RO         4407    i.prvProcessTimerOrBlockTask  timers.o
    0x08003018   0x08003018   0x00000020   Code   RO         4044    i.prvResetNextTaskUnblockTime  tasks.o
    0x08003038   0x08003038   0x00000028   Code   RO         4408    i.prvSampleTimeNow  timers.o
    0x08003060   0x08003060   0x0000006c   Code   RO         4409    i.prvSwitchTimerLists  timers.o
    0x080030cc   0x080030cc   0x00000028   Code   RO         5147    i.prvTaskExitError  port.o
    0x080030f4   0x080030f4   0x00000024   Code   RO         4410    i.prvTimerTask      timers.o
    0x08003118   0x08003118   0x0000006a   Code   RO         3640    i.prvUnlockQueue    queue.o
    0x08003182   0x08003182   0x00000002   PAD
    0x08003184   0x08003184   0x000000dc   Code   RO         5093    i.pvPortMalloc      heap_4.o
    0x08003260   0x08003260   0x00000024   Code   RO         5148    i.pxPortInitialiseStack  port.o
    0x08003284   0x08003284   0x00000026   Code   RO         3595    i.uxListRemove      list.o
    0x080032aa   0x080032aa   0x00000002   PAD
    0x080032ac   0x080032ac   0x00000014   Code   RO         4647    i.vApplicationGetIdleTaskMemory  cmsis_os2.o
    0x080032c0   0x080032c0   0x00000018   Code   RO         4648    i.vApplicationGetTimerTaskMemory  cmsis_os2.o
    0x080032d8   0x080032d8   0x00000016   Code   RO         3596    i.vListInitialise   list.o
    0x080032ee   0x080032ee   0x00000006   Code   RO         3597    i.vListInitialiseItem  list.o
    0x080032f4   0x080032f4   0x00000030   Code   RO         3598    i.vListInsert       list.o
    0x08003324   0x08003324   0x00000018   Code   RO         3599    i.vListInsertEnd    list.o
    0x0800333c   0x0800333c   0x00000040   Code   RO         5150    i.vPortEnterCritical  port.o
    0x0800337c   0x0800337c   0x00000028   Code   RO         5151    i.vPortExitCritical  port.o
    0x080033a4   0x080033a4   0x00000064   Code   RO         5094    i.vPortFree         heap_4.o
    0x08003408   0x08003408   0x00000024   Code   RO         5152    i.vPortSetupTimerInterrupt  port.o
    0x0800342c   0x0800342c   0x00000054   Code   RO         5153    i.vPortValidateInterruptPriority  port.o
    0x08003480   0x08003480   0x00000028   Code   RO         3646    i.vQueueAddToRegistry  queue.o
    0x080034a8   0x080034a8   0x00000044   Code   RO         3650    i.vQueueWaitForMessageRestricted  queue.o
    0x080034ec   0x080034ec   0x0000004c   Code   RO         4057    i.vTaskDelay        tasks.o
    0x08003538   0x08003538   0x00000010   Code   RO         4062    i.vTaskInternalSetTimeOutState  tasks.o
    0x08003548   0x08003548   0x0000000c   Code   RO         4063    i.vTaskMissedYield  tasks.o
    0x08003554   0x08003554   0x00000030   Code   RO         4065    i.vTaskPlaceOnEventList  tasks.o
    0x08003584   0x08003584   0x00000038   Code   RO         4066    i.vTaskPlaceOnEventListRestricted  tasks.o
    0x080035bc   0x080035bc   0x00000088   Code   RO         4074    i.vTaskStartScheduler  tasks.o
    0x08003644   0x08003644   0x00000010   Code   RO         4076    i.vTaskSuspendAll   tasks.o
    0x08003654   0x08003654   0x00000064   Code   RO         4077    i.vTaskSwitchContext  tasks.o
    0x080036b8   0x080036b8   0x000000a8   Code   RO         5154    i.xPortStartScheduler  port.o
    0x08003760   0x08003760   0x0000002c   Code   RO         5155    i.xPortSysTickHandler  port.o
    0x0800378c   0x0800378c   0x00000042   Code   RO         3655    i.xQueueGenericCreate  queue.o
    0x080037ce   0x080037ce   0x00000066   Code   RO         3656    i.xQueueGenericCreateStatic  queue.o
    0x08003834   0x08003834   0x00000088   Code   RO         3657    i.xQueueGenericReset  queue.o
    0x080038bc   0x080038bc   0x00000160   Code   RO         3658    i.xQueueGenericSend  queue.o
    0x08003a1c   0x08003a1c   0x000000be   Code   RO         3659    i.xQueueGenericSendFromISR  queue.o
    0x08003ada   0x08003ada   0x00000002   PAD
    0x08003adc   0x08003adc   0x00000138   Code   RO         3668    i.xQueueReceive     queue.o
    0x08003c14   0x08003c14   0x0000009a   Code   RO         3669    i.xQueueReceiveFromISR  queue.o
    0x08003cae   0x08003cae   0x00000002   PAD
    0x08003cb0   0x08003cb0   0x00000074   Code   RO         4079    i.xTaskCheckForTimeOut  tasks.o
    0x08003d24   0x08003d24   0x0000005a   Code   RO         4080    i.xTaskCreate       tasks.o
    0x08003d7e   0x08003d7e   0x00000056   Code   RO         4081    i.xTaskCreateStatic  tasks.o
    0x08003dd4   0x08003dd4   0x0000001c   Code   RO         4085    i.xTaskGetSchedulerState  tasks.o
    0x08003df0   0x08003df0   0x0000000c   Code   RO         4086    i.xTaskGetTickCount  tasks.o
    0x08003dfc   0x08003dfc   0x000000c8   Code   RO         4088    i.xTaskIncrementTick  tasks.o
    0x08003ec4   0x08003ec4   0x00000080   Code   RO         4091    i.xTaskPriorityDisinherit  tasks.o
    0x08003f44   0x08003f44   0x00000070   Code   RO         4093    i.xTaskRemoveFromEventList  tasks.o
    0x08003fb4   0x08003fb4   0x000000c4   Code   RO         4094    i.xTaskResumeAll    tasks.o
    0x08004078   0x08004078   0x00000060   Code   RO         4419    i.xTimerCreateTimerTask  timers.o
    0x080040d8   0x080040d8   0x00000068   Code   RO         4420    i.xTimerGenericCommand  timers.o
    0x08004140   0x08004140   0x00000a30   Data   RO          551    .constdata          oled.o
    0x08004b70   0x08004b70   0x00000120   Data   RO          776    .constdata          freertos.o
    0x08004c90   0x08004c90   0x00000012   Data   RO         2273    .constdata          stm32f1xx_hal_rcc.o
    0x08004ca2   0x08004ca2   0x00000010   Data   RO         3427    .constdata          system_stm32f1xx.o
    0x08004cb2   0x08004cb2   0x00000008   Data   RO         3428    .constdata          system_stm32f1xx.o
    0x08004cba   0x08004cba   0x00000002   PAD
    0x08004cbc   0x08004cbc   0x00000065   Data   RO          777    .conststring        freertos.o
    0x08004d21   0x08004d21   0x00000003   PAD
    0x08004d24   0x08004d24   0x00000020   Data   RO         5537    Region$$Table       anon$$obj.o


    Execution Region RW_IRAM1 (Exec base: 0x20000000, Load base: 0x08004d44, Size: 0x00003af8, Max: 0x00005000, ABSOLUTE)

    Exec Addr    Load Addr    Size         Type   Attr      Idx    E Section Name        Object

    0x20000000   0x08004d44   0x00000001   Data   RW           14    .data               motor_task.o
    0x20000001   0x08004d45   0x00000001   Data   RW          187    .data               led_task.o
    0x20000002   0x08004d46   0x00000001   Data   RW          349    .data               servo_task.o
    0x20000003   0x08004d47   0x00000001   PAD
    0x20000004   0x08004d48   0x00000024   Data   RW          781    .data               freertos.o
    0x20000028   0x08004d6c   0x0000000c   Data   RW         2110    .data               stm32f1xx_hal.o
    0x20000034   0x08004d78   0x00000004   Data   RW         3429    .data               system_stm32f1xx.o
    0x20000038   0x08004d7c   0x0000003c   Data   RW         4097    .data               tasks.o
    0x20000074   0x08004db8   0x00000014   Data   RW         4428    .data               timers.o
    0x20000088   0x08004dcc   0x00000004   Data   RW         4650    .data               cmsis_os2.o
    0x2000008c   0x08004dd0   0x00000020   Data   RW         5100    .data               heap_4.o
    0x200000ac   0x08004df0   0x0000000c   Data   RW         5156    .data               port.o
    0x200000b8   0x08004dfc   0x00000004   Data   RW         5513    .data               mc_w.l(stdout.o)
    0x200000bc        -       0x000000d8   Zero   RW          841    .bss                tim.o
    0x20000194        -       0x00000048   Zero   RW          899    .bss                usart_1.o
    0x200001dc        -       0x00000048   Zero   RW         1040    .bss                stm32f1xx_hal_timebase_tim.o
    0x20000224        -       0x00000040   Zero   RW         3672    .bss                queue.o
    0x20000264        -       0x000004c4   Zero   RW         4096    .bss                tasks.o
    0x20000728        -       0x00000118   Zero   RW         4427    .bss                timers.o
    0x20000840        -       0x000006b8   Zero   RW         4649    .bss                cmsis_os2.o
    0x20000ef8        -       0x00002800   Zero   RW         5099    .bss                heap_4.o
    0x200036f8        -       0x00000400   Zero   RW            1    STACK               startup_stm32f103xb.o


==============================================================================

Image component sizes


      Code (inc. data)   RO Data    RW Data    ZI Data      Debug   Object Name

       618         30          0          4       1720      61715   cmsis_os2.o
         0          0          0          0          0      19648   event_groups.o
       172         34        389         36          0       2817   freertos.o
       172         12          0          0          0        931   gpio.o
       472         24          0         32      10240       4751   heap_4.o
       336         24          0          0          0       6587   key_task.o
       164         24          0          1          0     437013   led_task.o
       138          0          0          0          0       3386   list.o
       198         20          0          0          0       2416   main.o
       228         66          0          1          0      12189   motor_task.o
       700         14       2608          0          0       8782   oled.o
       120         36          0          0          0        476   oled_task.o
       662         70          0         12          0      10669   port.o
      1734         20          0          0         64      19409   queue.o
       152         46          0          1          0       1230   servo_task.o
        36          8        236          0       1024        804   startup_stm32f103xb.o
       100         18          0         12          0       5206   stm32f1xx_hal.o
       158         14          0          0          0      28178   stm32f1xx_hal_cortex.o
       222          4          0          0          0       1755   stm32f1xx_hal_dma.o
       500         34          0          0          0       3495   stm32f1xx_hal_gpio.o
        72         10          0          0          0        858   stm32f1xx_hal_msp.o
      1304         94         18          0          0       5709   stm32f1xx_hal_rcc.o
      1738         56          0          0          0      16018   stm32f1xx_hal_tim.o
       192         12          0          0          0       3169   stm32f1xx_hal_tim_ex.o
       152         20          0          0         72       1463   stm32f1xx_hal_timebase_tim.o
      1474         10          0          0          0      10016   stm32f1xx_hal_uart.o
        36         12          0          0          0       3415   stm32f1xx_it.o
         0          0          0          0          0        432   stream_buffer.o
         2          0         24          4          0       1103   system_stm32f1xx.o
      2084        168          0         60       1220      26072   tasks.o
       732         56          0          0        216       3894   tim.o
       972         80          0         20        280      29491   timers.o
       208         24          0          0         72       2142   usart_1.o

    ----------------------------------------------------------------------
     15888       1040       3312        184      14908     735239   Object Totals
         0          0         32          0          0          0   (incl. Generated)
        40          0          5          1          0          0   (incl. Padding)

    ----------------------------------------------------------------------

      Code (inc. data)   RO Data    RW Data    ZI Data      Debug   Library Member Name

         0          0          0          0          0          0   entry.o
         0          0          0          0          0          0   entry10a.o
         0          0          0          0          0          0   entry11a.o
         4          0          0          0          0          0   entry12b.o
         8          4          0          0          0          0   entry2.o
         4          0          0          0          0          0   entry5.o
         0          0          0          0          0          0   entry7b.o
         0          0          0          0          0          0   entry8b.o
         8          4          0          0          0          0   entry9a.o
        30          0          0          0          0          0   handlers.o
        36          8          0          0          0         68   init.o
        36          0          0          0          0         68   memcpya.o
        36          0          0          0          0        108   memseta.o
       372         14          0          0          0        184   printf1.o
         0          0          0          4          0          0   stdout.o
        44          0          0          0          0         80   uidiv.o

    ----------------------------------------------------------------------
       580         30          0          4          0        508   Library Totals
         2          0          0          0          0          0   (incl. Padding)

    ----------------------------------------------------------------------

      Code (inc. data)   RO Data    RW Data    ZI Data      Debug   Library Name

       578         30          0          4          0        508   mc_w.l

    ----------------------------------------------------------------------
       580         30          0          4          0        508   Library Totals

    ----------------------------------------------------------------------

==============================================================================


      Code (inc. data)   RO Data    RW Data    ZI Data      Debug   

     16468       1070       3312        188      14908     726695   Grand Totals
     16468       1070       3312        188      14908     726695   ELF Image Totals
     16468       1070       3312        188          0          0   ROM Totals

==============================================================================

    Total RO  Size (Code + RO Data)                19780 (  19.32kB)
    Total RW  Size (RW Data + ZI Data)             15096 (  14.74kB)
    Total ROM Size (Code + RO Data + RW Data)      19968 (  19.50kB)

==============================================================================

